ARM GAS  C:\Users\tyran\AppData\Local\Temp\ccL69fvG.s 			page 1


   1              		.cpu cortex-m0
   2              		.fpu softvfp
   3              		.eabi_attribute 20, 1
   4              		.eabi_attribute 21, 1
   5              		.eabi_attribute 23, 3
   6              		.eabi_attribute 24, 1
   7              		.eabi_attribute 25, 1
   8              		.eabi_attribute 26, 1
   9              		.eabi_attribute 30, 1
  10              		.eabi_attribute 34, 0
  11              		.eabi_attribute 18, 4
  12              		.code	16
  13              		.file	"cyfitter_cfg.c"
  14              		.text
  15              	.Ltext0:
  16              		.cfi_sections	.debug_frame
  17              		.section	.text.AnalogSetDefault,"ax",%progbits
  18              		.align	2
  19              		.code	16
  20              		.thumb_func
  21              		.type	AnalogSetDefault, %function
  22              	AnalogSetDefault:
  23              	.LFB6:
  24              		.file 1 "Generated_Source\\PSoC4\\cyfitter_cfg.c"
   1:Generated_Source\PSoC4/cyfitter_cfg.c **** /*******************************************************************************
   2:Generated_Source\PSoC4/cyfitter_cfg.c **** * File Name: cyfitter_cfg.c
   3:Generated_Source\PSoC4/cyfitter_cfg.c **** * 
   4:Generated_Source\PSoC4/cyfitter_cfg.c **** * PSoC Creator  4.0
   5:Generated_Source\PSoC4/cyfitter_cfg.c **** *
   6:Generated_Source\PSoC4/cyfitter_cfg.c **** * Description:
   7:Generated_Source\PSoC4/cyfitter_cfg.c **** * This file contains device initialization code.
   8:Generated_Source\PSoC4/cyfitter_cfg.c **** * Except for the user defined sections in CyClockStartupError(), this file should not be modified.
   9:Generated_Source\PSoC4/cyfitter_cfg.c **** * This file is automatically generated by PSoC Creator.
  10:Generated_Source\PSoC4/cyfitter_cfg.c **** *
  11:Generated_Source\PSoC4/cyfitter_cfg.c **** ********************************************************************************
  12:Generated_Source\PSoC4/cyfitter_cfg.c **** * Copyright (c) 2007-2016 Cypress Semiconductor.  All rights reserved.
  13:Generated_Source\PSoC4/cyfitter_cfg.c **** * You may use this file only in accordance with the license, terms, conditions, 
  14:Generated_Source\PSoC4/cyfitter_cfg.c **** * disclaimers, and limitations in the end user license agreement accompanying 
  15:Generated_Source\PSoC4/cyfitter_cfg.c **** * the software package with which this file was provided.
  16:Generated_Source\PSoC4/cyfitter_cfg.c **** ********************************************************************************/
  17:Generated_Source\PSoC4/cyfitter_cfg.c **** 
  18:Generated_Source\PSoC4/cyfitter_cfg.c **** #include <string.h>
  19:Generated_Source\PSoC4/cyfitter_cfg.c **** #include "cytypes.h"
  20:Generated_Source\PSoC4/cyfitter_cfg.c **** #include "cydevice_trm.h"
  21:Generated_Source\PSoC4/cyfitter_cfg.c **** #include "cyfitter.h"
  22:Generated_Source\PSoC4/cyfitter_cfg.c **** #include "CyLib.h"
  23:Generated_Source\PSoC4/cyfitter_cfg.c **** #include "CyLFClk.h"
  24:Generated_Source\PSoC4/cyfitter_cfg.c **** #include "cyfitter_cfg.h"
  25:Generated_Source\PSoC4/cyfitter_cfg.c **** 
  26:Generated_Source\PSoC4/cyfitter_cfg.c **** 
  27:Generated_Source\PSoC4/cyfitter_cfg.c **** #if defined(__GNUC__) || defined(__ARMCC_VERSION)
  28:Generated_Source\PSoC4/cyfitter_cfg.c ****     #define CYPACKED 
  29:Generated_Source\PSoC4/cyfitter_cfg.c ****     #define CYPACKED_ATTR __attribute__ ((packed))
  30:Generated_Source\PSoC4/cyfitter_cfg.c ****     #define CYALIGNED __attribute__ ((aligned))
  31:Generated_Source\PSoC4/cyfitter_cfg.c ****     #define CY_CFG_UNUSED __attribute__ ((unused))
  32:Generated_Source\PSoC4/cyfitter_cfg.c ****     #ifndef CY_CFG_SECTION
  33:Generated_Source\PSoC4/cyfitter_cfg.c ****         #define CY_CFG_SECTION __attribute__ ((section(".psocinit")))
ARM GAS  C:\Users\tyran\AppData\Local\Temp\ccL69fvG.s 			page 2


  34:Generated_Source\PSoC4/cyfitter_cfg.c ****     #endif
  35:Generated_Source\PSoC4/cyfitter_cfg.c ****     
  36:Generated_Source\PSoC4/cyfitter_cfg.c ****     #if defined(__ARMCC_VERSION)
  37:Generated_Source\PSoC4/cyfitter_cfg.c ****         #define CY_CFG_MEMORY_BARRIER() __memory_changed()
  38:Generated_Source\PSoC4/cyfitter_cfg.c ****     #else
  39:Generated_Source\PSoC4/cyfitter_cfg.c ****         #define CY_CFG_MEMORY_BARRIER() __sync_synchronize()
  40:Generated_Source\PSoC4/cyfitter_cfg.c ****     #endif
  41:Generated_Source\PSoC4/cyfitter_cfg.c ****     
  42:Generated_Source\PSoC4/cyfitter_cfg.c **** #elif defined(__ICCARM__)
  43:Generated_Source\PSoC4/cyfitter_cfg.c ****     #include <intrinsics.h>
  44:Generated_Source\PSoC4/cyfitter_cfg.c **** 
  45:Generated_Source\PSoC4/cyfitter_cfg.c ****     #define CYPACKED __packed
  46:Generated_Source\PSoC4/cyfitter_cfg.c ****     #define CYPACKED_ATTR 
  47:Generated_Source\PSoC4/cyfitter_cfg.c ****     #define CYALIGNED _Pragma("data_alignment=4")
  48:Generated_Source\PSoC4/cyfitter_cfg.c ****     #define CY_CFG_UNUSED _Pragma("diag_suppress=Pe177")
  49:Generated_Source\PSoC4/cyfitter_cfg.c ****     #define CY_CFG_SECTION _Pragma("location=\".psocinit\"")
  50:Generated_Source\PSoC4/cyfitter_cfg.c ****     
  51:Generated_Source\PSoC4/cyfitter_cfg.c ****     #define CY_CFG_MEMORY_BARRIER() __DMB()
  52:Generated_Source\PSoC4/cyfitter_cfg.c ****     
  53:Generated_Source\PSoC4/cyfitter_cfg.c **** #else
  54:Generated_Source\PSoC4/cyfitter_cfg.c ****     #error Unsupported toolchain
  55:Generated_Source\PSoC4/cyfitter_cfg.c **** #endif
  56:Generated_Source\PSoC4/cyfitter_cfg.c **** 
  57:Generated_Source\PSoC4/cyfitter_cfg.c **** 
  58:Generated_Source\PSoC4/cyfitter_cfg.c **** CY_CFG_UNUSED
  59:Generated_Source\PSoC4/cyfitter_cfg.c **** static void CYMEMZERO(void *s, size_t n);
  60:Generated_Source\PSoC4/cyfitter_cfg.c **** CY_CFG_UNUSED
  61:Generated_Source\PSoC4/cyfitter_cfg.c **** static void CYMEMZERO(void *s, size_t n)
  62:Generated_Source\PSoC4/cyfitter_cfg.c **** {
  63:Generated_Source\PSoC4/cyfitter_cfg.c **** 	(void)memset(s, 0, n);
  64:Generated_Source\PSoC4/cyfitter_cfg.c **** }
  65:Generated_Source\PSoC4/cyfitter_cfg.c **** CY_CFG_UNUSED
  66:Generated_Source\PSoC4/cyfitter_cfg.c **** static void CYCONFIGCPY(void *dest, const void *src, size_t n);
  67:Generated_Source\PSoC4/cyfitter_cfg.c **** CY_CFG_UNUSED
  68:Generated_Source\PSoC4/cyfitter_cfg.c **** static void CYCONFIGCPY(void *dest, const void *src, size_t n)
  69:Generated_Source\PSoC4/cyfitter_cfg.c **** {
  70:Generated_Source\PSoC4/cyfitter_cfg.c **** 	(void)memcpy(dest, src, n);
  71:Generated_Source\PSoC4/cyfitter_cfg.c **** }
  72:Generated_Source\PSoC4/cyfitter_cfg.c **** CY_CFG_UNUSED
  73:Generated_Source\PSoC4/cyfitter_cfg.c **** static void CYCONFIGCPYCODE(void *dest, const void *src, size_t n);
  74:Generated_Source\PSoC4/cyfitter_cfg.c **** CY_CFG_UNUSED
  75:Generated_Source\PSoC4/cyfitter_cfg.c **** static void CYCONFIGCPYCODE(void *dest, const void *src, size_t n)
  76:Generated_Source\PSoC4/cyfitter_cfg.c **** {
  77:Generated_Source\PSoC4/cyfitter_cfg.c **** 	(void)memcpy(dest, src, n);
  78:Generated_Source\PSoC4/cyfitter_cfg.c **** }
  79:Generated_Source\PSoC4/cyfitter_cfg.c **** 
  80:Generated_Source\PSoC4/cyfitter_cfg.c **** 
  81:Generated_Source\PSoC4/cyfitter_cfg.c **** 
  82:Generated_Source\PSoC4/cyfitter_cfg.c **** 
  83:Generated_Source\PSoC4/cyfitter_cfg.c **** /* Clock startup error codes                                                   */
  84:Generated_Source\PSoC4/cyfitter_cfg.c **** #define CYCLOCKSTART_NO_ERROR    0u
  85:Generated_Source\PSoC4/cyfitter_cfg.c **** #define CYCLOCKSTART_XTAL_ERROR  1u
  86:Generated_Source\PSoC4/cyfitter_cfg.c **** #define CYCLOCKSTART_32KHZ_ERROR 2u
  87:Generated_Source\PSoC4/cyfitter_cfg.c **** #define CYCLOCKSTART_PLL_ERROR   3u
  88:Generated_Source\PSoC4/cyfitter_cfg.c **** 
  89:Generated_Source\PSoC4/cyfitter_cfg.c **** 
  90:Generated_Source\PSoC4/cyfitter_cfg.c **** #ifdef CY_NEED_CYCLOCKSTARTUPERROR
ARM GAS  C:\Users\tyran\AppData\Local\Temp\ccL69fvG.s 			page 3


  91:Generated_Source\PSoC4/cyfitter_cfg.c **** /*******************************************************************************
  92:Generated_Source\PSoC4/cyfitter_cfg.c **** * Function Name: CyClockStartupError
  93:Generated_Source\PSoC4/cyfitter_cfg.c **** ********************************************************************************
  94:Generated_Source\PSoC4/cyfitter_cfg.c **** * Summary:
  95:Generated_Source\PSoC4/cyfitter_cfg.c **** *  If an error is encountered during clock configuration (crystal startup error,
  96:Generated_Source\PSoC4/cyfitter_cfg.c **** *  PLL lock error, etc.), the system will end up here.  Unless reimplemented by
  97:Generated_Source\PSoC4/cyfitter_cfg.c **** *  the customer, this function will stop in an infinite loop.
  98:Generated_Source\PSoC4/cyfitter_cfg.c **** *
  99:Generated_Source\PSoC4/cyfitter_cfg.c **** * Parameters:
 100:Generated_Source\PSoC4/cyfitter_cfg.c **** *   void
 101:Generated_Source\PSoC4/cyfitter_cfg.c **** *
 102:Generated_Source\PSoC4/cyfitter_cfg.c **** * Return:
 103:Generated_Source\PSoC4/cyfitter_cfg.c **** *   void
 104:Generated_Source\PSoC4/cyfitter_cfg.c **** *
 105:Generated_Source\PSoC4/cyfitter_cfg.c **** *******************************************************************************/
 106:Generated_Source\PSoC4/cyfitter_cfg.c **** CY_CFG_UNUSED
 107:Generated_Source\PSoC4/cyfitter_cfg.c **** static void CyClockStartupError(uint8 errorCode);
 108:Generated_Source\PSoC4/cyfitter_cfg.c **** CY_CFG_UNUSED
 109:Generated_Source\PSoC4/cyfitter_cfg.c **** static void CyClockStartupError(uint8 errorCode)
 110:Generated_Source\PSoC4/cyfitter_cfg.c **** {
 111:Generated_Source\PSoC4/cyfitter_cfg.c ****     /* To remove the compiler warning if errorCode not used.                */
 112:Generated_Source\PSoC4/cyfitter_cfg.c ****     errorCode = errorCode;
 113:Generated_Source\PSoC4/cyfitter_cfg.c **** 
 114:Generated_Source\PSoC4/cyfitter_cfg.c ****     /* If we have a clock startup error (bad MHz crystal, PLL lock, etc.),  */
 115:Generated_Source\PSoC4/cyfitter_cfg.c ****     /* we will end up here to allow the customer to implement something to  */
 116:Generated_Source\PSoC4/cyfitter_cfg.c ****     /* deal with the clock condition.                                       */
 117:Generated_Source\PSoC4/cyfitter_cfg.c **** 
 118:Generated_Source\PSoC4/cyfitter_cfg.c **** #ifdef CY_CFG_CLOCK_STARTUP_ERROR_CALLBACK
 119:Generated_Source\PSoC4/cyfitter_cfg.c **** 	CY_CFG_Clock_Startup_ErrorCallback();
 120:Generated_Source\PSoC4/cyfitter_cfg.c **** #else
 121:Generated_Source\PSoC4/cyfitter_cfg.c **** 	/*  If not using CY_CFG_CLOCK_STARTUP_ERROR_CALLBACK, place your clock startup code here. */
 122:Generated_Source\PSoC4/cyfitter_cfg.c ****     /* `#START CyClockStartupError` */
 123:Generated_Source\PSoC4/cyfitter_cfg.c **** 
 124:Generated_Source\PSoC4/cyfitter_cfg.c ****     /* If we have a clock startup error (bad MHz crystal, PLL lock, etc.),  */
 125:Generated_Source\PSoC4/cyfitter_cfg.c ****     /* we will end up here to allow the customer to implement something to  */
 126:Generated_Source\PSoC4/cyfitter_cfg.c ****     /* deal with the clock condition.                                       */
 127:Generated_Source\PSoC4/cyfitter_cfg.c **** 
 128:Generated_Source\PSoC4/cyfitter_cfg.c ****     /* `#END` */
 129:Generated_Source\PSoC4/cyfitter_cfg.c **** 
 130:Generated_Source\PSoC4/cyfitter_cfg.c ****     /* If nothing else, stop here since the clocks have not started         */
 131:Generated_Source\PSoC4/cyfitter_cfg.c ****     /* correctly.                                                           */
 132:Generated_Source\PSoC4/cyfitter_cfg.c ****     while(1) {}
 133:Generated_Source\PSoC4/cyfitter_cfg.c **** #endif /* CY_CFG_CLOCK_STARTUP_ERROR_CALLBACK */ 
 134:Generated_Source\PSoC4/cyfitter_cfg.c **** }
 135:Generated_Source\PSoC4/cyfitter_cfg.c **** #endif
 136:Generated_Source\PSoC4/cyfitter_cfg.c **** 
 137:Generated_Source\PSoC4/cyfitter_cfg.c **** 
 138:Generated_Source\PSoC4/cyfitter_cfg.c **** 
 139:Generated_Source\PSoC4/cyfitter_cfg.c **** /*******************************************************************************
 140:Generated_Source\PSoC4/cyfitter_cfg.c **** * Function Name: ClockSetup
 141:Generated_Source\PSoC4/cyfitter_cfg.c **** ********************************************************************************
 142:Generated_Source\PSoC4/cyfitter_cfg.c **** *
 143:Generated_Source\PSoC4/cyfitter_cfg.c **** * Summary:
 144:Generated_Source\PSoC4/cyfitter_cfg.c **** *   Performs the initialization of all of the clocks in the device based on the
 145:Generated_Source\PSoC4/cyfitter_cfg.c **** *   settings in the Clock tab of the DWR.  This includes enabling the requested
 146:Generated_Source\PSoC4/cyfitter_cfg.c **** *   clocks and setting the necessary dividers to produce the desired frequency. 
 147:Generated_Source\PSoC4/cyfitter_cfg.c **** *
ARM GAS  C:\Users\tyran\AppData\Local\Temp\ccL69fvG.s 			page 4


 148:Generated_Source\PSoC4/cyfitter_cfg.c **** * Parameters:
 149:Generated_Source\PSoC4/cyfitter_cfg.c **** *   void
 150:Generated_Source\PSoC4/cyfitter_cfg.c **** *
 151:Generated_Source\PSoC4/cyfitter_cfg.c **** * Return:
 152:Generated_Source\PSoC4/cyfitter_cfg.c **** *   void
 153:Generated_Source\PSoC4/cyfitter_cfg.c **** *
 154:Generated_Source\PSoC4/cyfitter_cfg.c **** *******************************************************************************/
 155:Generated_Source\PSoC4/cyfitter_cfg.c **** static void ClockSetup(void);
 156:Generated_Source\PSoC4/cyfitter_cfg.c **** CY_CFG_SECTION
 157:Generated_Source\PSoC4/cyfitter_cfg.c **** static void ClockSetup(void)
 158:Generated_Source\PSoC4/cyfitter_cfg.c **** {
 159:Generated_Source\PSoC4/cyfitter_cfg.c **** 
 160:Generated_Source\PSoC4/cyfitter_cfg.c **** 	/* Set Flash Cycles based on max possible frequency in case a glitch occurs during ClockSetup(). *
 161:Generated_Source\PSoC4/cyfitter_cfg.c **** 	CY_SET_REG32((void CYXDATA *)(CYREG_CPUSS_FLASH_CTL), (0x0012u));
 162:Generated_Source\PSoC4/cyfitter_cfg.c **** 
 163:Generated_Source\PSoC4/cyfitter_cfg.c **** 	/* Start the WCO */
 164:Generated_Source\PSoC4/cyfitter_cfg.c **** 	CySysClkWcoStart();
 165:Generated_Source\PSoC4/cyfitter_cfg.c **** 	CyDelayCycles(12000000u); /* WCO may take up to 500ms to start */
 166:Generated_Source\PSoC4/cyfitter_cfg.c **** 	(void)CySysClkWcoSetPowerMode(CY_SYS_CLK_WCO_LPM);    /* Switch to the low power mode */
 167:Generated_Source\PSoC4/cyfitter_cfg.c **** 
 168:Generated_Source\PSoC4/cyfitter_cfg.c **** 	/* Setup and trim IMO based on desired frequency. */
 169:Generated_Source\PSoC4/cyfitter_cfg.c **** 	CySysClkWriteImoFreq(48u);
 170:Generated_Source\PSoC4/cyfitter_cfg.c **** 	/* CYDEV_CLK_ILO_CONFIG Starting address: CYDEV_CLK_ILO_CONFIG */
 171:Generated_Source\PSoC4/cyfitter_cfg.c **** 	CY_SET_XTND_REG32((void CYFAR *)(CYREG_CLK_ILO_CONFIG), 0x80000006u);
 172:Generated_Source\PSoC4/cyfitter_cfg.c **** 
 173:Generated_Source\PSoC4/cyfitter_cfg.c **** 	/* CYDEV_WDT_CONFIG Starting address: CYDEV_WDT_CONFIG */
 174:Generated_Source\PSoC4/cyfitter_cfg.c **** 	CY_SET_XTND_REG32((void CYFAR *)(CYREG_WDT_CONFIG), 0x40000000u);
 175:Generated_Source\PSoC4/cyfitter_cfg.c **** 
 176:Generated_Source\PSoC4/cyfitter_cfg.c **** 
 177:Generated_Source\PSoC4/cyfitter_cfg.c **** 	/* Enable fast start mode for XO */
 178:Generated_Source\PSoC4/cyfitter_cfg.c **** 	CY_SET_REG32((void*)CYREG_BLE_BLERD_BB_XO, CY_GET_REG32((void*)CYREG_BLE_BLERD_BB_XO) | (uint32)0x
 179:Generated_Source\PSoC4/cyfitter_cfg.c **** 	CY_SET_XTND_REG32((void CYFAR *)(CYREG_BLE_BLERD_BB_XO_CAPTRIM), 0x00003E2Du);
 180:Generated_Source\PSoC4/cyfitter_cfg.c **** 	/*Set XTAL(ECO) divider*/
 181:Generated_Source\PSoC4/cyfitter_cfg.c **** 	CY_SET_XTND_REG32((void CYFAR *)(CYREG_BLE_BLESS_XTAL_CLK_DIV_CONFIG), 0x00000000u);
 182:Generated_Source\PSoC4/cyfitter_cfg.c **** 	/* Disable Crystal Stable Interrupt before enabling ECO */
 183:Generated_Source\PSoC4/cyfitter_cfg.c **** 	CY_SET_REG32((void*)CYREG_BLE_BLESS_LL_DSM_CTRL, CY_GET_REG32((void*)CYREG_BLE_BLESS_LL_DSM_CTRL) 
 184:Generated_Source\PSoC4/cyfitter_cfg.c **** 	/* Start the ECO and do not check status since it is not needed for HFCLK */
 185:Generated_Source\PSoC4/cyfitter_cfg.c **** 	(void)CySysClkEcoStart(2000u);
 186:Generated_Source\PSoC4/cyfitter_cfg.c **** 	CyDelayUs(1500u); /* Wait to stabalize */
 187:Generated_Source\PSoC4/cyfitter_cfg.c **** 
 188:Generated_Source\PSoC4/cyfitter_cfg.c **** 	/* Setup phase aligned clocks */
 189:Generated_Source\PSoC4/cyfitter_cfg.c **** 
 190:Generated_Source\PSoC4/cyfitter_cfg.c **** 	/* CYDEV_CLK_IMO_CONFIG Starting address: CYDEV_CLK_IMO_CONFIG */
 191:Generated_Source\PSoC4/cyfitter_cfg.c **** 	CY_SET_XTND_REG32((void CYFAR *)(CYREG_CLK_IMO_CONFIG), 0x80000000u);
 192:Generated_Source\PSoC4/cyfitter_cfg.c **** 
 193:Generated_Source\PSoC4/cyfitter_cfg.c **** 	/* CYDEV_CLK_SELECT Starting address: CYDEV_CLK_SELECT */
 194:Generated_Source\PSoC4/cyfitter_cfg.c **** 	CY_SET_XTND_REG32((void CYFAR *)(CYREG_CLK_SELECT), 0x00040000u);
 195:Generated_Source\PSoC4/cyfitter_cfg.c **** 
 196:Generated_Source\PSoC4/cyfitter_cfg.c **** 	(void)CyIntSetVector(8u, &CySysWdtIsr);
 197:Generated_Source\PSoC4/cyfitter_cfg.c **** 	CyIntEnable(8u);
 198:Generated_Source\PSoC4/cyfitter_cfg.c **** 	CY_SET_XTND_REG32((void CYFAR *)(CYREG_WDT_CONFIG), 0x40000000u);
 199:Generated_Source\PSoC4/cyfitter_cfg.c **** }
 200:Generated_Source\PSoC4/cyfitter_cfg.c **** 
 201:Generated_Source\PSoC4/cyfitter_cfg.c **** 
 202:Generated_Source\PSoC4/cyfitter_cfg.c **** /* Analog API Functions */
 203:Generated_Source\PSoC4/cyfitter_cfg.c **** 
 204:Generated_Source\PSoC4/cyfitter_cfg.c **** 
ARM GAS  C:\Users\tyran\AppData\Local\Temp\ccL69fvG.s 			page 5


 205:Generated_Source\PSoC4/cyfitter_cfg.c **** /*******************************************************************************
 206:Generated_Source\PSoC4/cyfitter_cfg.c **** * Function Name: AnalogSetDefault
 207:Generated_Source\PSoC4/cyfitter_cfg.c **** ********************************************************************************
 208:Generated_Source\PSoC4/cyfitter_cfg.c **** *
 209:Generated_Source\PSoC4/cyfitter_cfg.c **** * Summary:
 210:Generated_Source\PSoC4/cyfitter_cfg.c **** *  Sets up the analog portions of the chip to default values based on chip
 211:Generated_Source\PSoC4/cyfitter_cfg.c **** *  configuration options from the project.
 212:Generated_Source\PSoC4/cyfitter_cfg.c **** *
 213:Generated_Source\PSoC4/cyfitter_cfg.c **** * Parameters:
 214:Generated_Source\PSoC4/cyfitter_cfg.c **** *  void
 215:Generated_Source\PSoC4/cyfitter_cfg.c **** *
 216:Generated_Source\PSoC4/cyfitter_cfg.c **** * Return:
 217:Generated_Source\PSoC4/cyfitter_cfg.c **** *  void
 218:Generated_Source\PSoC4/cyfitter_cfg.c **** *
 219:Generated_Source\PSoC4/cyfitter_cfg.c **** *******************************************************************************/
 220:Generated_Source\PSoC4/cyfitter_cfg.c **** static void AnalogSetDefault(void);
 221:Generated_Source\PSoC4/cyfitter_cfg.c **** static void AnalogSetDefault(void)
 222:Generated_Source\PSoC4/cyfitter_cfg.c **** {
  25              		.loc 1 222 0
  26              		.cfi_startproc
 223:Generated_Source\PSoC4/cyfitter_cfg.c **** 	CY_SET_XTND_REG32((void CYFAR *)CYREG_CTBM0_DFT_CTRL, 0x00000003u);
  27              		.loc 1 223 0
  28 0000 0323     		mov	r3, #3
  29 0002 044A     		ldr	r2, .L2
  30 0004 1360     		str	r3, [r2]
 224:Generated_Source\PSoC4/cyfitter_cfg.c **** 	CY_SET_XTND_REG32((void CYFAR *)CYREG_CTBM1_DFT_CTRL, 0x00000003u);
  31              		.loc 1 224 0
  32 0006 044A     		ldr	r2, .L2+4
  33 0008 1360     		str	r3, [r2]
 225:Generated_Source\PSoC4/cyfitter_cfg.c **** 	CY_SET_XTND_REG32((void CYFAR *)CYREG_PASS_DSAB_DSAB_CTRL, 0x00000000u);
  34              		.loc 1 225 0
  35 000a 0022     		mov	r2, #0
  36 000c 034B     		ldr	r3, .L2+8
  37 000e 1A60     		str	r2, [r3]
 226:Generated_Source\PSoC4/cyfitter_cfg.c **** }
  38              		.loc 1 226 0
  39              		@ sp needed
  40 0010 7047     		bx	lr
  41              	.L3:
  42 0012 C046     		.align	2
  43              	.L2:
  44 0014 30003040 		.word	1076887600
  45 0018 30003140 		.word	1076953136
  46 001c 000E3F40 		.word	1077874176
  47              		.cfi_endproc
  48              	.LFE6:
  49              		.size	AnalogSetDefault, .-AnalogSetDefault
  50              		.section	.text.CYMEMZERO,"ax",%progbits
  51              		.align	2
  52              		.code	16
  53              		.thumb_func
  54              		.type	CYMEMZERO, %function
  55              	CYMEMZERO:
  56              	.LFB2:
  62:Generated_Source\PSoC4/cyfitter_cfg.c **** 	(void)memset(s, 0, n);
  57              		.loc 1 62 0
  58              		.cfi_startproc
ARM GAS  C:\Users\tyran\AppData\Local\Temp\ccL69fvG.s 			page 6


  59              	.LVL0:
  60 0000 08B5     		push	{r3, lr}
  61              		.cfi_def_cfa_offset 8
  62              		.cfi_offset 3, -8
  63              		.cfi_offset 14, -4
  64 0002 0A1C     		mov	r2, r1
  63:Generated_Source\PSoC4/cyfitter_cfg.c **** }
  65              		.loc 1 63 0
  66 0004 0021     		mov	r1, #0
  67              	.LVL1:
  68 0006 FFF7FEFF 		bl	memset
  69              	.LVL2:
  64:Generated_Source\PSoC4/cyfitter_cfg.c **** CY_CFG_UNUSED
  70              		.loc 1 64 0
  71              		@ sp needed
  72 000a 08BD     		pop	{r3, pc}
  73              		.cfi_endproc
  74              	.LFE2:
  75              		.size	CYMEMZERO, .-CYMEMZERO
  76              		.section	.psocinit,"ax",%progbits
  77              		.align	2
  78              		.code	16
  79              		.thumb_func
  80              		.type	ClockSetup, %function
  81              	ClockSetup:
  82              	.LFB5:
 158:Generated_Source\PSoC4/cyfitter_cfg.c **** 
  83              		.loc 1 158 0
  84              		.cfi_startproc
  85 0000 38B5     		push	{r3, r4, r5, lr}
  86              		.cfi_def_cfa_offset 16
  87              		.cfi_offset 3, -16
  88              		.cfi_offset 4, -12
  89              		.cfi_offset 5, -8
  90              		.cfi_offset 14, -4
 161:Generated_Source\PSoC4/cyfitter_cfg.c **** 
  91              		.loc 1 161 0
  92 0002 1222     		mov	r2, #18
  93 0004 1D4B     		ldr	r3, .L6
  94 0006 1A60     		str	r2, [r3]
 164:Generated_Source\PSoC4/cyfitter_cfg.c **** 	CyDelayCycles(12000000u); /* WCO may take up to 500ms to start */
  95              		.loc 1 164 0
  96 0008 FFF7FEFF 		bl	CySysClkWcoStart
  97              	.LVL3:
 165:Generated_Source\PSoC4/cyfitter_cfg.c **** 	(void)CySysClkWcoSetPowerMode(CY_SYS_CLK_WCO_LPM);    /* Switch to the low power mode */
  98              		.loc 1 165 0
  99 000c 1C48     		ldr	r0, .L6+4
 100 000e FFF7FEFF 		bl	CyDelayCycles
 101              	.LVL4:
 166:Generated_Source\PSoC4/cyfitter_cfg.c **** 
 102              		.loc 1 166 0
 103 0012 0120     		mov	r0, #1
 104 0014 FFF7FEFF 		bl	CySysClkWcoSetPowerMode
 105              	.LVL5:
 169:Generated_Source\PSoC4/cyfitter_cfg.c **** 	/* CYDEV_CLK_ILO_CONFIG Starting address: CYDEV_CLK_ILO_CONFIG */
 106              		.loc 1 169 0
 107 0018 3020     		mov	r0, #48
ARM GAS  C:\Users\tyran\AppData\Local\Temp\ccL69fvG.s 			page 7


 108 001a FFF7FEFF 		bl	CySysClkWriteImoFreq
 109              	.LVL6:
 171:Generated_Source\PSoC4/cyfitter_cfg.c **** 
 110              		.loc 1 171 0
 111 001e 194A     		ldr	r2, .L6+8
 112 0020 194B     		ldr	r3, .L6+12
 113 0022 1A60     		str	r2, [r3]
 174:Generated_Source\PSoC4/cyfitter_cfg.c **** 
 114              		.loc 1 174 0
 115 0024 194C     		ldr	r4, .L6+16
 116 0026 8025     		mov	r5, #128
 117 0028 ED05     		lsl	r5, r5, #23
 118 002a 2560     		str	r5, [r4]
 178:Generated_Source\PSoC4/cyfitter_cfg.c **** 	CY_SET_XTND_REG32((void CYFAR *)(CYREG_BLE_BLERD_BB_XO_CAPTRIM), 0x00003E2Du);
 119              		.loc 1 178 0
 120 002c 184A     		ldr	r2, .L6+20
 121 002e 1168     		ldr	r1, [r2]
 122 0030 0223     		mov	r3, #2
 123 0032 0B43     		orr	r3, r1
 124 0034 1360     		str	r3, [r2]
 179:Generated_Source\PSoC4/cyfitter_cfg.c **** 	/*Set XTAL(ECO) divider*/
 125              		.loc 1 179 0
 126 0036 174A     		ldr	r2, .L6+24
 127 0038 174B     		ldr	r3, .L6+28
 128 003a 1A60     		str	r2, [r3]
 181:Generated_Source\PSoC4/cyfitter_cfg.c **** 	/* Disable Crystal Stable Interrupt before enabling ECO */
 129              		.loc 1 181 0
 130 003c 0022     		mov	r2, #0
 131 003e 174B     		ldr	r3, .L6+32
 132 0040 1A60     		str	r2, [r3]
 183:Generated_Source\PSoC4/cyfitter_cfg.c **** 	/* Start the ECO and do not check status since it is not needed for HFCLK */
 133              		.loc 1 183 0
 134 0042 174A     		ldr	r2, .L6+36
 135 0044 1368     		ldr	r3, [r2]
 136 0046 0821     		mov	r1, #8
 137 0048 8B43     		bic	r3, r1
 138 004a 1360     		str	r3, [r2]
 185:Generated_Source\PSoC4/cyfitter_cfg.c **** 	CyDelayUs(1500u); /* Wait to stabalize */
 139              		.loc 1 185 0
 140 004c FA20     		mov	r0, #250
 141 004e C000     		lsl	r0, r0, #3
 142 0050 FFF7FEFF 		bl	CySysClkEcoStart
 143              	.LVL7:
 186:Generated_Source\PSoC4/cyfitter_cfg.c **** 
 144              		.loc 1 186 0
 145 0054 1348     		ldr	r0, .L6+40
 146 0056 FFF7FEFF 		bl	CyDelayUs
 147              	.LVL8:
 191:Generated_Source\PSoC4/cyfitter_cfg.c **** 
 148              		.loc 1 191 0
 149 005a 8022     		mov	r2, #128
 150 005c 1206     		lsl	r2, r2, #24
 151 005e 124B     		ldr	r3, .L6+44
 152 0060 1A60     		str	r2, [r3]
 194:Generated_Source\PSoC4/cyfitter_cfg.c **** 
 153              		.loc 1 194 0
 154 0062 8022     		mov	r2, #128
ARM GAS  C:\Users\tyran\AppData\Local\Temp\ccL69fvG.s 			page 8


 155 0064 D202     		lsl	r2, r2, #11
 156 0066 114B     		ldr	r3, .L6+48
 157 0068 1A60     		str	r2, [r3]
 196:Generated_Source\PSoC4/cyfitter_cfg.c **** 	CyIntEnable(8u);
 158              		.loc 1 196 0
 159 006a 0820     		mov	r0, #8
 160 006c 1049     		ldr	r1, .L6+52
 161 006e FFF7FEFF 		bl	CyIntSetVector
 162              	.LVL9:
 197:Generated_Source\PSoC4/cyfitter_cfg.c **** 	CY_SET_XTND_REG32((void CYFAR *)(CYREG_WDT_CONFIG), 0x40000000u);
 163              		.loc 1 197 0
 164 0072 0820     		mov	r0, #8
 165 0074 FFF7FEFF 		bl	CyIntEnable
 166              	.LVL10:
 198:Generated_Source\PSoC4/cyfitter_cfg.c **** }
 167              		.loc 1 198 0
 168 0078 2560     		str	r5, [r4]
 199:Generated_Source\PSoC4/cyfitter_cfg.c **** 
 169              		.loc 1 199 0
 170              		@ sp needed
 171 007a 38BD     		pop	{r3, r4, r5, pc}
 172              	.L7:
 173              		.align	2
 174              	.L6:
 175 007c 30001040 		.word	1074790448
 176 0080 001BB700 		.word	12000000
 177 0084 06000080 		.word	-2147483642
 178 0088 04010B40 		.word	1074462980
 179 008c 0C020B40 		.word	1074463244
 180 0090 78002E40 		.word	1076756600
 181 0094 2D3E0000 		.word	15917
 182 0098 7C002E40 		.word	1076756604
 183 009c 64F02E40 		.word	1076818020
 184 00a0 6CF02E40 		.word	1076818028
 185 00a4 DC050000 		.word	1500
 186 00a8 08010B40 		.word	1074462984
 187 00ac 00010B40 		.word	1074462976
 188 00b0 00000000 		.word	CySysWdtIsr
 189              		.cfi_endproc
 190              	.LFE5:
 191              		.size	ClockSetup, .-ClockSetup
 192              		.align	2
 193              		.global	cyfitter_cfg
 194              		.code	16
 195              		.thumb_func
 196              		.type	cyfitter_cfg, %function
 197              	cyfitter_cfg:
 198              	.LFB7:
 227:Generated_Source\PSoC4/cyfitter_cfg.c **** 
 228:Generated_Source\PSoC4/cyfitter_cfg.c **** #define CY_AMUX_UNUSED CYREG_CM0_ROM_DWT
 229:Generated_Source\PSoC4/cyfitter_cfg.c **** 
 230:Generated_Source\PSoC4/cyfitter_cfg.c **** 
 231:Generated_Source\PSoC4/cyfitter_cfg.c **** /*******************************************************************************
 232:Generated_Source\PSoC4/cyfitter_cfg.c **** * Function Name: cyfitter_cfg
 233:Generated_Source\PSoC4/cyfitter_cfg.c **** ********************************************************************************
 234:Generated_Source\PSoC4/cyfitter_cfg.c **** * Summary:
 235:Generated_Source\PSoC4/cyfitter_cfg.c **** *  This function is called by the start-up code for the selected device. It
ARM GAS  C:\Users\tyran\AppData\Local\Temp\ccL69fvG.s 			page 9


 236:Generated_Source\PSoC4/cyfitter_cfg.c **** *  performs all of the necessary device configuration based on the design
 237:Generated_Source\PSoC4/cyfitter_cfg.c **** *  settings.  This includes settings from the Design Wide Resources (DWR) such
 238:Generated_Source\PSoC4/cyfitter_cfg.c **** *  as Clocks and Pins as well as any component configuration that is necessary.
 239:Generated_Source\PSoC4/cyfitter_cfg.c **** *
 240:Generated_Source\PSoC4/cyfitter_cfg.c **** * Parameters:  
 241:Generated_Source\PSoC4/cyfitter_cfg.c **** *   void
 242:Generated_Source\PSoC4/cyfitter_cfg.c **** *
 243:Generated_Source\PSoC4/cyfitter_cfg.c **** * Return:
 244:Generated_Source\PSoC4/cyfitter_cfg.c **** *   void
 245:Generated_Source\PSoC4/cyfitter_cfg.c **** *
 246:Generated_Source\PSoC4/cyfitter_cfg.c **** *******************************************************************************/
 247:Generated_Source\PSoC4/cyfitter_cfg.c **** CY_CFG_SECTION
 248:Generated_Source\PSoC4/cyfitter_cfg.c **** void cyfitter_cfg(void)
 249:Generated_Source\PSoC4/cyfitter_cfg.c **** {
 199              		.loc 1 249 0
 200              		.cfi_startproc
 201 00b4 10B5     		push	{r4, lr}
 202              		.cfi_def_cfa_offset 8
 203              		.cfi_offset 4, -8
 204              		.cfi_offset 14, -4
 250:Generated_Source\PSoC4/cyfitter_cfg.c **** 	/* Disable interrupts by default. Let user enable if/when they want. */
 251:Generated_Source\PSoC4/cyfitter_cfg.c **** 	CyGlobalIntDisable;
 205              		.loc 1 251 0
 206              	@ 251 "Generated_Source\PSoC4\cyfitter_cfg.c" 1
 207 00b6 72B6     		CPSID   i
 208              	@ 0 "" 2
 252:Generated_Source\PSoC4/cyfitter_cfg.c **** 
 253:Generated_Source\PSoC4/cyfitter_cfg.c **** 	CY_SET_XTND_REG32((void CYFAR *)(CYREG_BLE_BLESS_LL_DSM_CTRL), 0x00000000u);
 209              		.loc 1 253 0
 210              		.code	16
 211 00b8 0022     		mov	r2, #0
 212 00ba 254B     		ldr	r3, .L11
 213 00bc 1A60     		str	r2, [r3]
 214              	.LVL11:
 215              	.LBB2:
 254:Generated_Source\PSoC4/cyfitter_cfg.c **** 
 255:Generated_Source\PSoC4/cyfitter_cfg.c **** 	{
 256:Generated_Source\PSoC4/cyfitter_cfg.c **** 
 257:Generated_Source\PSoC4/cyfitter_cfg.c **** 		CYPACKED typedef struct {
 258:Generated_Source\PSoC4/cyfitter_cfg.c **** 			void CYFAR *address;
 259:Generated_Source\PSoC4/cyfitter_cfg.c **** 			uint16 size;
 260:Generated_Source\PSoC4/cyfitter_cfg.c **** 		} CYPACKED_ATTR cfg_memset_t;
 261:Generated_Source\PSoC4/cyfitter_cfg.c **** 
 262:Generated_Source\PSoC4/cyfitter_cfg.c **** 		static const cfg_memset_t CYCODE cfg_memset_list [] = {
 263:Generated_Source\PSoC4/cyfitter_cfg.c **** 			/* address, size */
 264:Generated_Source\PSoC4/cyfitter_cfg.c **** 			{(void CYFAR *)(CYDEV_UDB_P0_U0_BASE), 1024u},
 265:Generated_Source\PSoC4/cyfitter_cfg.c **** 			{(void CYFAR *)(CYDEV_UDB_DSI0_BASE), 1024u},
 266:Generated_Source\PSoC4/cyfitter_cfg.c **** 		};
 267:Generated_Source\PSoC4/cyfitter_cfg.c **** 
 268:Generated_Source\PSoC4/cyfitter_cfg.c **** 		uint8 CYDATA i;
 269:Generated_Source\PSoC4/cyfitter_cfg.c **** 
 270:Generated_Source\PSoC4/cyfitter_cfg.c **** 		/* Zero out critical memory blocks before beginning configuration */
 271:Generated_Source\PSoC4/cyfitter_cfg.c **** 		for (i = 0u; i < (sizeof(cfg_memset_list)/sizeof(cfg_memset_list[0])); i++)
 216              		.loc 1 271 0
 217 00be 0024     		mov	r4, #0
 218 00c0 10E0     		b	.L9
 219              	.LVL12:
ARM GAS  C:\Users\tyran\AppData\Local\Temp\ccL69fvG.s 			page 10


 220              	.L10:
 221              	.LBB3:
 272:Generated_Source\PSoC4/cyfitter_cfg.c **** 		{
 273:Generated_Source\PSoC4/cyfitter_cfg.c **** 			const cfg_memset_t CYCODE * CYDATA ms = &cfg_memset_list[i];
 274:Generated_Source\PSoC4/cyfitter_cfg.c **** 			CYMEMZERO(ms->address, (size_t)(uint32)(ms->size));
 222              		.loc 1 274 0 discriminator 3
 223 00c2 2448     		ldr	r0, .L11+4
 224 00c4 6300     		lsl	r3, r4, #1
 225 00c6 1A19     		add	r2, r3, r4
 226 00c8 5200     		lsl	r2, r2, #1
 227 00ca 8218     		add	r2, r0, r2
 228 00cc 9188     		ldrh	r1, [r2, #4]
 229 00ce 1B19     		add	r3, r3, r4
 230 00d0 5B00     		lsl	r3, r3, #1
 231 00d2 1A5A     		ldrh	r2, [r3, r0]
 232 00d4 C318     		add	r3, r0, r3
 233 00d6 5888     		ldrh	r0, [r3, #2]
 234 00d8 0004     		lsl	r0, r0, #16
 235 00da 1043     		orr	r0, r2
 236 00dc FFF7FEFF 		bl	CYMEMZERO
 237              	.LVL13:
 238              	.LBE3:
 271:Generated_Source\PSoC4/cyfitter_cfg.c **** 		{
 239              		.loc 1 271 0 discriminator 3
 240 00e0 0134     		add	r4, r4, #1
 241              	.LVL14:
 242 00e2 E4B2     		uxtb	r4, r4
 243              	.LVL15:
 244              	.L9:
 271:Generated_Source\PSoC4/cyfitter_cfg.c **** 		{
 245              		.loc 1 271 0 is_stmt 0 discriminator 1
 246 00e4 012C     		cmp	r4, #1
 247 00e6 ECD9     		bls	.L10
 275:Generated_Source\PSoC4/cyfitter_cfg.c **** 		}
 276:Generated_Source\PSoC4/cyfitter_cfg.c **** 
 277:Generated_Source\PSoC4/cyfitter_cfg.c **** 		/* HSIOM Starting address: CYDEV_HSIOM_BASE */
 278:Generated_Source\PSoC4/cyfitter_cfg.c **** 		CY_SET_XTND_REG32((void CYFAR *)(CYDEV_HSIOM_BASE), 0xEE000000u);
 248              		.loc 1 278 0 is_stmt 1
 249 00e8 EE22     		mov	r2, #238
 250 00ea 1206     		lsl	r2, r2, #24
 251 00ec 1A4B     		ldr	r3, .L11+8
 252 00ee 1A60     		str	r2, [r3]
 279:Generated_Source\PSoC4/cyfitter_cfg.c **** 
 280:Generated_Source\PSoC4/cyfitter_cfg.c **** 		/* UDB_PA_0 Starting address: CYDEV_UDB_PA0_BASE */
 281:Generated_Source\PSoC4/cyfitter_cfg.c **** 		CY_SET_XTND_REG32((void CYFAR *)(CYDEV_UDB_PA0_BASE), 0x00990000u);
 253              		.loc 1 281 0
 254 00f0 9923     		mov	r3, #153
 255 00f2 1B04     		lsl	r3, r3, #16
 256 00f4 194A     		ldr	r2, .L11+12
 257 00f6 1360     		str	r3, [r2]
 282:Generated_Source\PSoC4/cyfitter_cfg.c **** 
 283:Generated_Source\PSoC4/cyfitter_cfg.c **** 		/* UDB_PA_1 Starting address: CYDEV_UDB_PA1_BASE */
 284:Generated_Source\PSoC4/cyfitter_cfg.c **** 		CY_SET_XTND_REG32((void CYFAR *)(CYDEV_UDB_PA1_BASE), 0x00990000u);
 258              		.loc 1 284 0
 259 00f8 194A     		ldr	r2, .L11+16
 260 00fa 1360     		str	r3, [r2]
 285:Generated_Source\PSoC4/cyfitter_cfg.c **** 
ARM GAS  C:\Users\tyran\AppData\Local\Temp\ccL69fvG.s 			page 11


 286:Generated_Source\PSoC4/cyfitter_cfg.c **** 		/* UDB_PA_2 Starting address: CYDEV_UDB_PA2_BASE */
 287:Generated_Source\PSoC4/cyfitter_cfg.c **** 		CY_SET_XTND_REG32((void CYFAR *)(CYDEV_UDB_PA2_BASE), 0x00990000u);
 261              		.loc 1 287 0
 262 00fc 194A     		ldr	r2, .L11+20
 263 00fe 1360     		str	r3, [r2]
 288:Generated_Source\PSoC4/cyfitter_cfg.c **** 
 289:Generated_Source\PSoC4/cyfitter_cfg.c **** 		/* UDB_PA_3 Starting address: CYDEV_UDB_PA3_BASE */
 290:Generated_Source\PSoC4/cyfitter_cfg.c **** 		CY_SET_XTND_REG32((void CYFAR *)(CYDEV_UDB_PA3_BASE), 0x00990000u);
 264              		.loc 1 290 0
 265 0100 194A     		ldr	r2, .L11+24
 266 0102 1360     		str	r3, [r2]
 291:Generated_Source\PSoC4/cyfitter_cfg.c **** 
 292:Generated_Source\PSoC4/cyfitter_cfg.c **** 		/* Enable digital routing */
 293:Generated_Source\PSoC4/cyfitter_cfg.c **** 		CY_SET_XTND_REG8((void *)CYREG_UDB_UDBIF_BANK_CTL, CY_GET_XTND_REG8((void *)CYREG_UDB_UDBIF_BANK_
 267              		.loc 1 293 0
 268 0104 194B     		ldr	r3, .L11+28
 269 0106 1978     		ldrb	r1, [r3]
 270 0108 0222     		mov	r2, #2
 271 010a 0A43     		orr	r2, r1
 272 010c 1A70     		strb	r2, [r3]
 294:Generated_Source\PSoC4/cyfitter_cfg.c **** 
 295:Generated_Source\PSoC4/cyfitter_cfg.c **** 		/* Enable UDB array */
 296:Generated_Source\PSoC4/cyfitter_cfg.c **** 		CY_SET_XTND_REG8((void *)CYREG_UDB_UDBIF_WAIT_CFG, (uint8)((CY_GET_XTND_REG8((void *)CYREG_UDB_UD
 273              		.loc 1 296 0
 274 010e 1848     		ldr	r0, .L11+32
 275 0110 0278     		ldrb	r2, [r0]
 276 0112 3C21     		mov	r1, #60
 277 0114 8A43     		bic	r2, r1
 278 0116 2839     		sub	r1, r1, #40
 279 0118 0A43     		orr	r2, r1
 280 011a 0270     		strb	r2, [r0]
 297:Generated_Source\PSoC4/cyfitter_cfg.c **** 		CY_SET_XTND_REG8((void *)CYREG_UDB_UDBIF_BANK_CTL, (uint8)(CY_GET_XTND_REG8((void *)CYREG_UDB_UDB
 281              		.loc 1 297 0
 282 011c 1978     		ldrb	r1, [r3]
 283 011e 1622     		mov	r2, #22
 284 0120 0A43     		orr	r2, r1
 285 0122 1A70     		strb	r2, [r3]
 286              	.LBE2:
 298:Generated_Source\PSoC4/cyfitter_cfg.c **** 	}
 299:Generated_Source\PSoC4/cyfitter_cfg.c **** 
 300:Generated_Source\PSoC4/cyfitter_cfg.c **** 	/* Perform second pass device configuration. These items must be configured in specific order afte
 301:Generated_Source\PSoC4/cyfitter_cfg.c **** 	/* IOPINS0_0 Starting address: CYDEV_GPIO_PRT0_BASE */
 302:Generated_Source\PSoC4/cyfitter_cfg.c **** 	CY_SET_XTND_REG32((void CYFAR *)(CYREG_GPIO_PRT0_PC), 0x00DB0000u);
 287              		.loc 1 302 0
 288 0124 DB22     		mov	r2, #219
 289 0126 1204     		lsl	r2, r2, #16
 290 0128 124B     		ldr	r3, .L11+36
 291 012a 1A60     		str	r2, [r3]
 303:Generated_Source\PSoC4/cyfitter_cfg.c **** 
 304:Generated_Source\PSoC4/cyfitter_cfg.c **** 	/* IOPINS0_1 Starting address: CYDEV_GPIO_PRT1_BASE */
 305:Generated_Source\PSoC4/cyfitter_cfg.c **** 	CY_SET_XTND_REG32((void CYFAR *)(CYREG_GPIO_PRT1_PC), 0x00000186u);
 292              		.loc 1 305 0
 293 012c C323     		mov	r3, #195
 294 012e 5B00     		lsl	r3, r3, #1
 295 0130 114A     		ldr	r2, .L11+40
 296 0132 1360     		str	r3, [r2]
 306:Generated_Source\PSoC4/cyfitter_cfg.c **** 
ARM GAS  C:\Users\tyran\AppData\Local\Temp\ccL69fvG.s 			page 12


 307:Generated_Source\PSoC4/cyfitter_cfg.c **** 	/* IOPINS0_2 Starting address: CYDEV_GPIO_PRT2_BASE */
 308:Generated_Source\PSoC4/cyfitter_cfg.c **** 	CY_SET_XTND_REG32((void CYFAR *)(CYREG_GPIO_PRT2_PC), 0x00180180u);
 297              		.loc 1 308 0
 298 0134 1149     		ldr	r1, .L11+44
 299 0136 124A     		ldr	r2, .L11+48
 300 0138 1160     		str	r1, [r2]
 309:Generated_Source\PSoC4/cyfitter_cfg.c **** 
 310:Generated_Source\PSoC4/cyfitter_cfg.c **** 	/* IOPINS0_3 Starting address: CYDEV_GPIO_PRT3_BASE */
 311:Generated_Source\PSoC4/cyfitter_cfg.c **** 	CY_SET_XTND_REG32((void CYFAR *)(CYREG_GPIO_PRT3_PC), 0x00000186u);
 301              		.loc 1 311 0
 302 013a 124A     		ldr	r2, .L11+52
 303 013c 1360     		str	r3, [r2]
 312:Generated_Source\PSoC4/cyfitter_cfg.c **** 
 313:Generated_Source\PSoC4/cyfitter_cfg.c **** 	/* IOPINS0_4 Starting address: CYDEV_GPIO_PRT4_BASE */
 314:Generated_Source\PSoC4/cyfitter_cfg.c **** 	CY_SET_XTND_REG32((void CYFAR *)(CYREG_GPIO_PRT4_PC), 0x00000006u);
 304              		.loc 1 314 0
 305 013e 0622     		mov	r2, #6
 306 0140 114B     		ldr	r3, .L11+56
 307 0142 1A60     		str	r2, [r3]
 315:Generated_Source\PSoC4/cyfitter_cfg.c **** 
 316:Generated_Source\PSoC4/cyfitter_cfg.c **** 
 317:Generated_Source\PSoC4/cyfitter_cfg.c **** 	/* Setup clocks based on selections from Clock DWR */
 318:Generated_Source\PSoC4/cyfitter_cfg.c **** 	ClockSetup();
 308              		.loc 1 318 0
 309 0144 FFF75CFF 		bl	ClockSetup
 310              	.LVL16:
 319:Generated_Source\PSoC4/cyfitter_cfg.c **** 
 320:Generated_Source\PSoC4/cyfitter_cfg.c **** 	/* Perform basic analog initialization to defaults */
 321:Generated_Source\PSoC4/cyfitter_cfg.c **** 	AnalogSetDefault();
 311              		.loc 1 321 0
 312 0148 FFF7FEFF 		bl	AnalogSetDefault
 313              	.LVL17:
 322:Generated_Source\PSoC4/cyfitter_cfg.c **** 
 323:Generated_Source\PSoC4/cyfitter_cfg.c **** }
 314              		.loc 1 323 0
 315              		@ sp needed
 316              	.LVL18:
 317 014c 10BD     		pop	{r4, pc}
 318              	.L12:
 319 014e C046     		.align	2
 320              	.L11:
 321 0150 6CF02E40 		.word	1076818028
 322 0154 00000000 		.word	.LANCHOR0
 323 0158 00000240 		.word	1073872896
 324 015c 00500F40 		.word	1074745344
 325 0160 10500F40 		.word	1074745360
 326 0164 20500F40 		.word	1074745376
 327 0168 30500F40 		.word	1074745392
 328 016c 00700F40 		.word	1074753536
 329 0170 01700F40 		.word	1074753537
 330 0174 08000440 		.word	1074003976
 331 0178 08010440 		.word	1074004232
 332 017c 80011800 		.word	1573248
 333 0180 08020440 		.word	1074004488
 334 0184 08030440 		.word	1074004744
 335 0188 08040440 		.word	1074005000
 336              		.cfi_endproc
ARM GAS  C:\Users\tyran\AppData\Local\Temp\ccL69fvG.s 			page 13


 337              	.LFE7:
 338              		.size	cyfitter_cfg, .-cyfitter_cfg
 339              		.section	.rodata
 340              		.align	2
 341              		.set	.LANCHOR0,. + 0
 342              		.type	cfg_memset_list.4742, %object
 343              		.size	cfg_memset_list.4742, 12
 344              	cfg_memset_list.4742:
 345 0000 00300F40 		.word	1074737152
 346 0004 0004     		.short	1024
 347 0006 00400F40 		.4byte	1074741248
 348 000a 0004     		.short	1024
 349              		.text
 350              	.Letext0:
 351              		.file 2 "c:\\program files (x86)\\cypress\\psoc creator\\4.0\\psoc creator\\import\\gnu\\arm\\4.9.
 352              		.file 3 "Generated_Source\\PSoC4\\cytypes.h"
 353              		.file 4 "Generated_Source\\PSoC4\\CyLib.h"
 354              		.file 5 "Generated_Source\\PSoC4\\CyLFClk.h"
 355              		.section	.debug_info,"",%progbits
 356              	.Ldebug_info0:
 357 0000 6A030000 		.4byte	0x36a
 358 0004 0400     		.2byte	0x4
 359 0006 00000000 		.4byte	.Ldebug_abbrev0
 360 000a 04       		.byte	0x4
 361 000b 01       		.uleb128 0x1
 362 000c 8D010000 		.4byte	.LASF34
 363 0010 01       		.byte	0x1
 364 0011 4F020000 		.4byte	.LASF35
 365 0015 75020000 		.4byte	.LASF36
 366 0019 00000000 		.4byte	.Ldebug_ranges0+0
 367 001d 00000000 		.4byte	0
 368 0021 00000000 		.4byte	.Ldebug_line0
 369 0025 02       		.uleb128 0x2
 370 0026 04       		.byte	0x4
 371 0027 05       		.byte	0x5
 372 0028 696E7400 		.ascii	"int\000"
 373 002c 03       		.uleb128 0x3
 374 002d 14000000 		.4byte	.LASF11
 375 0031 02       		.byte	0x2
 376 0032 D4       		.byte	0xd4
 377 0033 37000000 		.4byte	0x37
 378 0037 04       		.uleb128 0x4
 379 0038 04       		.byte	0x4
 380 0039 07       		.byte	0x7
 381 003a 03010000 		.4byte	.LASF0
 382 003e 04       		.uleb128 0x4
 383 003f 01       		.byte	0x1
 384 0040 06       		.byte	0x6
 385 0041 43020000 		.4byte	.LASF1
 386 0045 04       		.uleb128 0x4
 387 0046 01       		.byte	0x1
 388 0047 08       		.byte	0x8
 389 0048 C4000000 		.4byte	.LASF2
 390 004c 04       		.uleb128 0x4
 391 004d 02       		.byte	0x2
 392 004e 05       		.byte	0x5
 393 004f 1B020000 		.4byte	.LASF3
ARM GAS  C:\Users\tyran\AppData\Local\Temp\ccL69fvG.s 			page 14


 394 0053 04       		.uleb128 0x4
 395 0054 02       		.byte	0x2
 396 0055 07       		.byte	0x7
 397 0056 56000000 		.4byte	.LASF4
 398 005a 04       		.uleb128 0x4
 399 005b 04       		.byte	0x4
 400 005c 05       		.byte	0x5
 401 005d 3A020000 		.4byte	.LASF5
 402 0061 04       		.uleb128 0x4
 403 0062 04       		.byte	0x4
 404 0063 07       		.byte	0x7
 405 0064 91000000 		.4byte	.LASF6
 406 0068 04       		.uleb128 0x4
 407 0069 08       		.byte	0x8
 408 006a 05       		.byte	0x5
 409 006b 5F010000 		.4byte	.LASF7
 410 006f 04       		.uleb128 0x4
 411 0070 08       		.byte	0x8
 412 0071 07       		.byte	0x7
 413 0072 25010000 		.4byte	.LASF8
 414 0076 04       		.uleb128 0x4
 415 0077 04       		.byte	0x4
 416 0078 07       		.byte	0x7
 417 0079 56010000 		.4byte	.LASF9
 418 007d 05       		.uleb128 0x5
 419 007e 04       		.byte	0x4
 420 007f 06       		.uleb128 0x6
 421 0080 04       		.byte	0x4
 422 0081 85000000 		.4byte	0x85
 423 0085 07       		.uleb128 0x7
 424 0086 04       		.uleb128 0x4
 425 0087 01       		.byte	0x1
 426 0088 08       		.byte	0x8
 427 0089 77010000 		.4byte	.LASF10
 428 008d 03       		.uleb128 0x3
 429 008e A3000000 		.4byte	.LASF12
 430 0092 03       		.byte	0x3
 431 0093 C1       		.byte	0xc1
 432 0094 45000000 		.4byte	0x45
 433 0098 03       		.uleb128 0x3
 434 0099 EC000000 		.4byte	.LASF13
 435 009d 03       		.byte	0x3
 436 009e C2       		.byte	0xc2
 437 009f 53000000 		.4byte	0x53
 438 00a3 03       		.uleb128 0x3
 439 00a4 FC000000 		.4byte	.LASF14
 440 00a8 03       		.byte	0x3
 441 00a9 C3       		.byte	0xc3
 442 00aa 61000000 		.4byte	0x61
 443 00ae 04       		.uleb128 0x4
 444 00af 04       		.byte	0x4
 445 00b0 04       		.byte	0x4
 446 00b1 69000000 		.4byte	.LASF15
 447 00b5 04       		.uleb128 0x4
 448 00b6 08       		.byte	0x8
 449 00b7 04       		.byte	0x4
 450 00b8 D9000000 		.4byte	.LASF16
ARM GAS  C:\Users\tyran\AppData\Local\Temp\ccL69fvG.s 			page 15


 451 00bc 08       		.uleb128 0x8
 452 00bd F3000000 		.4byte	.LASF17
 453 00c1 03       		.byte	0x3
 454 00c2 6301     		.2byte	0x163
 455 00c4 61000000 		.4byte	0x61
 456 00c8 08       		.uleb128 0x8
 457 00c9 8C000000 		.4byte	.LASF18
 458 00cd 03       		.byte	0x3
 459 00ce 6B01     		.2byte	0x16b
 460 00d0 D4000000 		.4byte	0xd4
 461 00d4 09       		.uleb128 0x9
 462 00d5 8D000000 		.4byte	0x8d
 463 00d9 08       		.uleb128 0x8
 464 00da 0E000000 		.4byte	.LASF19
 465 00de 03       		.byte	0x3
 466 00df 6D01     		.2byte	0x16d
 467 00e1 E5000000 		.4byte	0xe5
 468 00e5 09       		.uleb128 0x9
 469 00e6 A3000000 		.4byte	0xa3
 470 00ea 08       		.uleb128 0x8
 471 00eb 3C010000 		.4byte	.LASF20
 472 00ef 03       		.byte	0x3
 473 00f0 7D01     		.2byte	0x17d
 474 00f2 7F000000 		.4byte	0x7f
 475 00f6 0A       		.uleb128 0xa
 476 00f7 1B000000 		.4byte	.LASF37
 477 00fb 01       		.byte	0x1
 478 00fc DD       		.byte	0xdd
 479 00fd 00000000 		.4byte	.LFB6
 480 0101 20000000 		.4byte	.LFE6-.LFB6
 481 0105 01       		.uleb128 0x1
 482 0106 9C       		.byte	0x9c
 483 0107 0B       		.uleb128 0xb
 484 0108 BA000000 		.4byte	.LASF21
 485 010c 01       		.byte	0x1
 486 010d 3D       		.byte	0x3d
 487 010e 00000000 		.4byte	.LFB2
 488 0112 0C000000 		.4byte	.LFE2-.LFB2
 489 0116 01       		.uleb128 0x1
 490 0117 9C       		.byte	0x9c
 491 0118 54010000 		.4byte	0x154
 492 011c 0C       		.uleb128 0xc
 493 011d 7300     		.ascii	"s\000"
 494 011f 01       		.byte	0x1
 495 0120 3D       		.byte	0x3d
 496 0121 7D000000 		.4byte	0x7d
 497 0125 00000000 		.4byte	.LLST0
 498 0129 0C       		.uleb128 0xc
 499 012a 6E00     		.ascii	"n\000"
 500 012c 01       		.byte	0x1
 501 012d 3D       		.byte	0x3d
 502 012e 2C000000 		.4byte	0x2c
 503 0132 21000000 		.4byte	.LLST1
 504 0136 0D       		.uleb128 0xd
 505 0137 0A000000 		.4byte	.LVL2
 506 013b C5020000 		.4byte	0x2c5
 507 013f 0E       		.uleb128 0xe
ARM GAS  C:\Users\tyran\AppData\Local\Temp\ccL69fvG.s 			page 16


 508 0140 01       		.uleb128 0x1
 509 0141 52       		.byte	0x52
 510 0142 03       		.uleb128 0x3
 511 0143 F3       		.byte	0xf3
 512 0144 01       		.uleb128 0x1
 513 0145 51       		.byte	0x51
 514 0146 0E       		.uleb128 0xe
 515 0147 01       		.uleb128 0x1
 516 0148 51       		.byte	0x51
 517 0149 01       		.uleb128 0x1
 518 014a 30       		.byte	0x30
 519 014b 0E       		.uleb128 0xe
 520 014c 01       		.uleb128 0x1
 521 014d 50       		.byte	0x50
 522 014e 03       		.uleb128 0x3
 523 014f F3       		.byte	0xf3
 524 0150 01       		.uleb128 0x1
 525 0151 50       		.byte	0x50
 526 0152 00       		.byte	0
 527 0153 00       		.byte	0
 528 0154 0B       		.uleb128 0xb
 529 0155 4B000000 		.4byte	.LASF22
 530 0159 01       		.byte	0x1
 531 015a 9D       		.byte	0x9d
 532 015b 00000000 		.4byte	.LFB5
 533 015f B4000000 		.4byte	.LFE5-.LFB5
 534 0163 01       		.uleb128 0x1
 535 0164 9C       		.byte	0x9c
 536 0165 FD010000 		.4byte	0x1fd
 537 0169 0F       		.uleb128 0xf
 538 016a 0C000000 		.4byte	.LVL3
 539 016e E2020000 		.4byte	0x2e2
 540 0172 10       		.uleb128 0x10
 541 0173 12000000 		.4byte	.LVL4
 542 0177 E9020000 		.4byte	0x2e9
 543 017b 89010000 		.4byte	0x189
 544 017f 0E       		.uleb128 0xe
 545 0180 01       		.uleb128 0x1
 546 0181 50       		.byte	0x50
 547 0182 05       		.uleb128 0x5
 548 0183 0C       		.byte	0xc
 549 0184 001BB700 		.4byte	0xb71b00
 550 0188 00       		.byte	0
 551 0189 10       		.uleb128 0x10
 552 018a 18000000 		.4byte	.LVL5
 553 018e FA020000 		.4byte	0x2fa
 554 0192 9C010000 		.4byte	0x19c
 555 0196 0E       		.uleb128 0xe
 556 0197 01       		.uleb128 0x1
 557 0198 50       		.byte	0x50
 558 0199 01       		.uleb128 0x1
 559 019a 31       		.byte	0x31
 560 019b 00       		.byte	0
 561 019c 10       		.uleb128 0x10
 562 019d 1E000000 		.4byte	.LVL6
 563 01a1 0F030000 		.4byte	0x30f
 564 01a5 B0010000 		.4byte	0x1b0
ARM GAS  C:\Users\tyran\AppData\Local\Temp\ccL69fvG.s 			page 17


 565 01a9 0E       		.uleb128 0xe
 566 01aa 01       		.uleb128 0x1
 567 01ab 50       		.byte	0x50
 568 01ac 02       		.uleb128 0x2
 569 01ad 08       		.byte	0x8
 570 01ae 30       		.byte	0x30
 571 01af 00       		.byte	0
 572 01b0 10       		.uleb128 0x10
 573 01b1 54000000 		.4byte	.LVL7
 574 01b5 20030000 		.4byte	0x320
 575 01b9 C5010000 		.4byte	0x1c5
 576 01bd 0E       		.uleb128 0xe
 577 01be 01       		.uleb128 0x1
 578 01bf 50       		.byte	0x50
 579 01c0 03       		.uleb128 0x3
 580 01c1 0A       		.byte	0xa
 581 01c2 D007     		.2byte	0x7d0
 582 01c4 00       		.byte	0
 583 01c5 10       		.uleb128 0x10
 584 01c6 5A000000 		.4byte	.LVL8
 585 01ca 35030000 		.4byte	0x335
 586 01ce DA010000 		.4byte	0x1da
 587 01d2 0E       		.uleb128 0xe
 588 01d3 01       		.uleb128 0x1
 589 01d4 50       		.byte	0x50
 590 01d5 03       		.uleb128 0x3
 591 01d6 0A       		.byte	0xa
 592 01d7 DC05     		.2byte	0x5dc
 593 01d9 00       		.byte	0
 594 01da 10       		.uleb128 0x10
 595 01db 72000000 		.4byte	.LVL9
 596 01df 46030000 		.4byte	0x346
 597 01e3 ED010000 		.4byte	0x1ed
 598 01e7 0E       		.uleb128 0xe
 599 01e8 01       		.uleb128 0x1
 600 01e9 50       		.byte	0x50
 601 01ea 01       		.uleb128 0x1
 602 01eb 38       		.byte	0x38
 603 01ec 00       		.byte	0
 604 01ed 0D       		.uleb128 0xd
 605 01ee 78000000 		.4byte	.LVL10
 606 01f2 60030000 		.4byte	0x360
 607 01f6 0E       		.uleb128 0xe
 608 01f7 01       		.uleb128 0x1
 609 01f8 50       		.byte	0x50
 610 01f9 01       		.uleb128 0x1
 611 01fa 38       		.byte	0x38
 612 01fb 00       		.byte	0
 613 01fc 00       		.byte	0
 614 01fd 11       		.uleb128 0x11
 615 01fe 10010000 		.4byte	.LASF38
 616 0202 01       		.byte	0x1
 617 0203 F8       		.byte	0xf8
 618 0204 B4000000 		.4byte	.LFB7
 619 0208 D8000000 		.4byte	.LFE7-.LFB7
 620 020c 01       		.uleb128 0x1
 621 020d 9C       		.byte	0x9c
ARM GAS  C:\Users\tyran\AppData\Local\Temp\ccL69fvG.s 			page 18


 622 020e C5020000 		.4byte	0x2c5
 623 0212 12       		.uleb128 0x12
 624 0213 BE000000 		.4byte	.LBB2
 625 0217 66000000 		.4byte	.LBE2-.LBB2
 626 021b B2020000 		.4byte	0x2b2
 627 021f 13       		.uleb128 0x13
 628 0220 06       		.byte	0x6
 629 0221 01       		.byte	0x1
 630 0222 0101     		.2byte	0x101
 631 0224 43020000 		.4byte	0x243
 632 0228 14       		.uleb128 0x14
 633 0229 1D010000 		.4byte	.LASF23
 634 022d 01       		.byte	0x1
 635 022e 0201     		.2byte	0x102
 636 0230 7D000000 		.4byte	0x7d
 637 0234 00       		.byte	0
 638 0235 14       		.uleb128 0x14
 639 0236 6F000000 		.4byte	.LASF24
 640 023a 01       		.byte	0x1
 641 023b 0301     		.2byte	0x103
 642 023d 98000000 		.4byte	0x98
 643 0241 04       		.byte	0x4
 644 0242 00       		.byte	0
 645 0243 08       		.uleb128 0x8
 646 0244 49010000 		.4byte	.LASF25
 647 0248 01       		.byte	0x1
 648 0249 0401     		.2byte	0x104
 649 024b 1F020000 		.4byte	0x21f
 650 024f 15       		.uleb128 0x15
 651 0250 43020000 		.4byte	0x243
 652 0254 5F020000 		.4byte	0x25f
 653 0258 16       		.uleb128 0x16
 654 0259 76000000 		.4byte	0x76
 655 025d 01       		.byte	0x1
 656 025e 00       		.byte	0
 657 025f 17       		.uleb128 0x17
 658 0260 3B000000 		.4byte	.LASF26
 659 0264 01       		.byte	0x1
 660 0265 0601     		.2byte	0x106
 661 0267 71020000 		.4byte	0x271
 662 026b 05       		.uleb128 0x5
 663 026c 03       		.byte	0x3
 664 026d 00000000 		.4byte	cfg_memset_list.4742
 665 0271 18       		.uleb128 0x18
 666 0272 4F020000 		.4byte	0x24f
 667 0276 19       		.uleb128 0x19
 668 0277 6900     		.ascii	"i\000"
 669 0279 01       		.byte	0x1
 670 027a 0C01     		.2byte	0x10c
 671 027c 8D000000 		.4byte	0x8d
 672 0280 4D000000 		.4byte	.LLST2
 673 0284 1A       		.uleb128 0x1a
 674 0285 C2000000 		.4byte	.LBB3
 675 0289 1E000000 		.4byte	.LBE3-.LBB3
 676 028d 19       		.uleb128 0x19
 677 028e 6D7300   		.ascii	"ms\000"
 678 0291 01       		.byte	0x1
ARM GAS  C:\Users\tyran\AppData\Local\Temp\ccL69fvG.s 			page 19


 679 0292 1101     		.2byte	0x111
 680 0294 9C020000 		.4byte	0x29c
 681 0298 77000000 		.4byte	.LLST3
 682 029c 06       		.uleb128 0x6
 683 029d 04       		.byte	0x4
 684 029e A2020000 		.4byte	0x2a2
 685 02a2 18       		.uleb128 0x18
 686 02a3 43020000 		.4byte	0x243
 687 02a7 0F       		.uleb128 0xf
 688 02a8 E0000000 		.4byte	.LVL13
 689 02ac 07010000 		.4byte	0x107
 690 02b0 00       		.byte	0
 691 02b1 00       		.byte	0
 692 02b2 0F       		.uleb128 0xf
 693 02b3 48010000 		.4byte	.LVL16
 694 02b7 54010000 		.4byte	0x154
 695 02bb 0F       		.uleb128 0xf
 696 02bc 4C010000 		.4byte	.LVL17
 697 02c0 F6000000 		.4byte	0xf6
 698 02c4 00       		.byte	0
 699 02c5 1B       		.uleb128 0x1b
 700 02c6 D2000000 		.4byte	.LASF27
 701 02ca 7D000000 		.4byte	0x7d
 702 02ce E2020000 		.4byte	0x2e2
 703 02d2 1C       		.uleb128 0x1c
 704 02d3 7D000000 		.4byte	0x7d
 705 02d7 1C       		.uleb128 0x1c
 706 02d8 25000000 		.4byte	0x25
 707 02dc 1C       		.uleb128 0x1c
 708 02dd 76000000 		.4byte	0x76
 709 02e1 00       		.byte	0
 710 02e2 1D       		.uleb128 0x1d
 711 02e3 A9000000 		.4byte	.LASF39
 712 02e7 05       		.byte	0x5
 713 02e8 25       		.byte	0x25
 714 02e9 1E       		.uleb128 0x1e
 715 02ea 00000000 		.4byte	.LASF28
 716 02ee 04       		.byte	0x4
 717 02ef 5A       		.byte	0x5a
 718 02f0 FA020000 		.4byte	0x2fa
 719 02f4 1C       		.uleb128 0x1c
 720 02f5 A3000000 		.4byte	0xa3
 721 02f9 00       		.byte	0
 722 02fa 1F       		.uleb128 0x1f
 723 02fb 74000000 		.4byte	.LASF30
 724 02ff 05       		.byte	0x5
 725 0300 27       		.byte	0x27
 726 0301 A3000000 		.4byte	0xa3
 727 0305 0F030000 		.4byte	0x30f
 728 0309 1C       		.uleb128 0x1c
 729 030a A3000000 		.4byte	0xa3
 730 030e 00       		.byte	0
 731 030f 1E       		.uleb128 0x1e
 732 0310 25020000 		.4byte	.LASF29
 733 0314 04       		.byte	0x4
 734 0315 31       		.byte	0x31
 735 0316 20030000 		.4byte	0x320
ARM GAS  C:\Users\tyran\AppData\Local\Temp\ccL69fvG.s 			page 20


 736 031a 1C       		.uleb128 0x1c
 737 031b A3000000 		.4byte	0xa3
 738 031f 00       		.byte	0
 739 0320 1F       		.uleb128 0x1f
 740 0321 7C010000 		.4byte	.LASF31
 741 0325 04       		.byte	0x4
 742 0326 84       		.byte	0x84
 743 0327 BC000000 		.4byte	0xbc
 744 032b 35030000 		.4byte	0x335
 745 032f 1C       		.uleb128 0x1c
 746 0330 A3000000 		.4byte	0xa3
 747 0334 00       		.byte	0
 748 0335 1E       		.uleb128 0x1e
 749 0336 6D010000 		.4byte	.LASF32
 750 033a 04       		.byte	0x4
 751 033b 58       		.byte	0x58
 752 033c 46030000 		.4byte	0x346
 753 0340 1C       		.uleb128 0x1c
 754 0341 98000000 		.4byte	0x98
 755 0345 00       		.byte	0
 756 0346 1F       		.uleb128 0x1f
 757 0347 2C000000 		.4byte	.LASF33
 758 034b 04       		.byte	0x4
 759 034c 46       		.byte	0x46
 760 034d EA000000 		.4byte	0xea
 761 0351 60030000 		.4byte	0x360
 762 0355 1C       		.uleb128 0x1c
 763 0356 8D000000 		.4byte	0x8d
 764 035a 1C       		.uleb128 0x1c
 765 035b EA000000 		.4byte	0xea
 766 035f 00       		.byte	0
 767 0360 20       		.uleb128 0x20
 768 0361 E0000000 		.4byte	.LASF40
 769 0365 04       		.byte	0x4
 770 0366 4C       		.byte	0x4c
 771 0367 1C       		.uleb128 0x1c
 772 0368 8D000000 		.4byte	0x8d
 773 036c 00       		.byte	0
 774 036d 00       		.byte	0
 775              		.section	.debug_abbrev,"",%progbits
 776              	.Ldebug_abbrev0:
 777 0000 01       		.uleb128 0x1
 778 0001 11       		.uleb128 0x11
 779 0002 01       		.byte	0x1
 780 0003 25       		.uleb128 0x25
 781 0004 0E       		.uleb128 0xe
 782 0005 13       		.uleb128 0x13
 783 0006 0B       		.uleb128 0xb
 784 0007 03       		.uleb128 0x3
 785 0008 0E       		.uleb128 0xe
 786 0009 1B       		.uleb128 0x1b
 787 000a 0E       		.uleb128 0xe
 788 000b 55       		.uleb128 0x55
 789 000c 17       		.uleb128 0x17
 790 000d 11       		.uleb128 0x11
 791 000e 01       		.uleb128 0x1
 792 000f 10       		.uleb128 0x10
ARM GAS  C:\Users\tyran\AppData\Local\Temp\ccL69fvG.s 			page 21


 793 0010 17       		.uleb128 0x17
 794 0011 00       		.byte	0
 795 0012 00       		.byte	0
 796 0013 02       		.uleb128 0x2
 797 0014 24       		.uleb128 0x24
 798 0015 00       		.byte	0
 799 0016 0B       		.uleb128 0xb
 800 0017 0B       		.uleb128 0xb
 801 0018 3E       		.uleb128 0x3e
 802 0019 0B       		.uleb128 0xb
 803 001a 03       		.uleb128 0x3
 804 001b 08       		.uleb128 0x8
 805 001c 00       		.byte	0
 806 001d 00       		.byte	0
 807 001e 03       		.uleb128 0x3
 808 001f 16       		.uleb128 0x16
 809 0020 00       		.byte	0
 810 0021 03       		.uleb128 0x3
 811 0022 0E       		.uleb128 0xe
 812 0023 3A       		.uleb128 0x3a
 813 0024 0B       		.uleb128 0xb
 814 0025 3B       		.uleb128 0x3b
 815 0026 0B       		.uleb128 0xb
 816 0027 49       		.uleb128 0x49
 817 0028 13       		.uleb128 0x13
 818 0029 00       		.byte	0
 819 002a 00       		.byte	0
 820 002b 04       		.uleb128 0x4
 821 002c 24       		.uleb128 0x24
 822 002d 00       		.byte	0
 823 002e 0B       		.uleb128 0xb
 824 002f 0B       		.uleb128 0xb
 825 0030 3E       		.uleb128 0x3e
 826 0031 0B       		.uleb128 0xb
 827 0032 03       		.uleb128 0x3
 828 0033 0E       		.uleb128 0xe
 829 0034 00       		.byte	0
 830 0035 00       		.byte	0
 831 0036 05       		.uleb128 0x5
 832 0037 0F       		.uleb128 0xf
 833 0038 00       		.byte	0
 834 0039 0B       		.uleb128 0xb
 835 003a 0B       		.uleb128 0xb
 836 003b 00       		.byte	0
 837 003c 00       		.byte	0
 838 003d 06       		.uleb128 0x6
 839 003e 0F       		.uleb128 0xf
 840 003f 00       		.byte	0
 841 0040 0B       		.uleb128 0xb
 842 0041 0B       		.uleb128 0xb
 843 0042 49       		.uleb128 0x49
 844 0043 13       		.uleb128 0x13
 845 0044 00       		.byte	0
 846 0045 00       		.byte	0
 847 0046 07       		.uleb128 0x7
 848 0047 15       		.uleb128 0x15
 849 0048 00       		.byte	0
ARM GAS  C:\Users\tyran\AppData\Local\Temp\ccL69fvG.s 			page 22


 850 0049 27       		.uleb128 0x27
 851 004a 19       		.uleb128 0x19
 852 004b 00       		.byte	0
 853 004c 00       		.byte	0
 854 004d 08       		.uleb128 0x8
 855 004e 16       		.uleb128 0x16
 856 004f 00       		.byte	0
 857 0050 03       		.uleb128 0x3
 858 0051 0E       		.uleb128 0xe
 859 0052 3A       		.uleb128 0x3a
 860 0053 0B       		.uleb128 0xb
 861 0054 3B       		.uleb128 0x3b
 862 0055 05       		.uleb128 0x5
 863 0056 49       		.uleb128 0x49
 864 0057 13       		.uleb128 0x13
 865 0058 00       		.byte	0
 866 0059 00       		.byte	0
 867 005a 09       		.uleb128 0x9
 868 005b 35       		.uleb128 0x35
 869 005c 00       		.byte	0
 870 005d 49       		.uleb128 0x49
 871 005e 13       		.uleb128 0x13
 872 005f 00       		.byte	0
 873 0060 00       		.byte	0
 874 0061 0A       		.uleb128 0xa
 875 0062 2E       		.uleb128 0x2e
 876 0063 00       		.byte	0
 877 0064 03       		.uleb128 0x3
 878 0065 0E       		.uleb128 0xe
 879 0066 3A       		.uleb128 0x3a
 880 0067 0B       		.uleb128 0xb
 881 0068 3B       		.uleb128 0x3b
 882 0069 0B       		.uleb128 0xb
 883 006a 27       		.uleb128 0x27
 884 006b 19       		.uleb128 0x19
 885 006c 11       		.uleb128 0x11
 886 006d 01       		.uleb128 0x1
 887 006e 12       		.uleb128 0x12
 888 006f 06       		.uleb128 0x6
 889 0070 40       		.uleb128 0x40
 890 0071 18       		.uleb128 0x18
 891 0072 9742     		.uleb128 0x2117
 892 0074 19       		.uleb128 0x19
 893 0075 00       		.byte	0
 894 0076 00       		.byte	0
 895 0077 0B       		.uleb128 0xb
 896 0078 2E       		.uleb128 0x2e
 897 0079 01       		.byte	0x1
 898 007a 03       		.uleb128 0x3
 899 007b 0E       		.uleb128 0xe
 900 007c 3A       		.uleb128 0x3a
 901 007d 0B       		.uleb128 0xb
 902 007e 3B       		.uleb128 0x3b
 903 007f 0B       		.uleb128 0xb
 904 0080 27       		.uleb128 0x27
 905 0081 19       		.uleb128 0x19
 906 0082 11       		.uleb128 0x11
ARM GAS  C:\Users\tyran\AppData\Local\Temp\ccL69fvG.s 			page 23


 907 0083 01       		.uleb128 0x1
 908 0084 12       		.uleb128 0x12
 909 0085 06       		.uleb128 0x6
 910 0086 40       		.uleb128 0x40
 911 0087 18       		.uleb128 0x18
 912 0088 9742     		.uleb128 0x2117
 913 008a 19       		.uleb128 0x19
 914 008b 01       		.uleb128 0x1
 915 008c 13       		.uleb128 0x13
 916 008d 00       		.byte	0
 917 008e 00       		.byte	0
 918 008f 0C       		.uleb128 0xc
 919 0090 05       		.uleb128 0x5
 920 0091 00       		.byte	0
 921 0092 03       		.uleb128 0x3
 922 0093 08       		.uleb128 0x8
 923 0094 3A       		.uleb128 0x3a
 924 0095 0B       		.uleb128 0xb
 925 0096 3B       		.uleb128 0x3b
 926 0097 0B       		.uleb128 0xb
 927 0098 49       		.uleb128 0x49
 928 0099 13       		.uleb128 0x13
 929 009a 02       		.uleb128 0x2
 930 009b 17       		.uleb128 0x17
 931 009c 00       		.byte	0
 932 009d 00       		.byte	0
 933 009e 0D       		.uleb128 0xd
 934 009f 898201   		.uleb128 0x4109
 935 00a2 01       		.byte	0x1
 936 00a3 11       		.uleb128 0x11
 937 00a4 01       		.uleb128 0x1
 938 00a5 31       		.uleb128 0x31
 939 00a6 13       		.uleb128 0x13
 940 00a7 00       		.byte	0
 941 00a8 00       		.byte	0
 942 00a9 0E       		.uleb128 0xe
 943 00aa 8A8201   		.uleb128 0x410a
 944 00ad 00       		.byte	0
 945 00ae 02       		.uleb128 0x2
 946 00af 18       		.uleb128 0x18
 947 00b0 9142     		.uleb128 0x2111
 948 00b2 18       		.uleb128 0x18
 949 00b3 00       		.byte	0
 950 00b4 00       		.byte	0
 951 00b5 0F       		.uleb128 0xf
 952 00b6 898201   		.uleb128 0x4109
 953 00b9 00       		.byte	0
 954 00ba 11       		.uleb128 0x11
 955 00bb 01       		.uleb128 0x1
 956 00bc 31       		.uleb128 0x31
 957 00bd 13       		.uleb128 0x13
 958 00be 00       		.byte	0
 959 00bf 00       		.byte	0
 960 00c0 10       		.uleb128 0x10
 961 00c1 898201   		.uleb128 0x4109
 962 00c4 01       		.byte	0x1
 963 00c5 11       		.uleb128 0x11
ARM GAS  C:\Users\tyran\AppData\Local\Temp\ccL69fvG.s 			page 24


 964 00c6 01       		.uleb128 0x1
 965 00c7 31       		.uleb128 0x31
 966 00c8 13       		.uleb128 0x13
 967 00c9 01       		.uleb128 0x1
 968 00ca 13       		.uleb128 0x13
 969 00cb 00       		.byte	0
 970 00cc 00       		.byte	0
 971 00cd 11       		.uleb128 0x11
 972 00ce 2E       		.uleb128 0x2e
 973 00cf 01       		.byte	0x1
 974 00d0 3F       		.uleb128 0x3f
 975 00d1 19       		.uleb128 0x19
 976 00d2 03       		.uleb128 0x3
 977 00d3 0E       		.uleb128 0xe
 978 00d4 3A       		.uleb128 0x3a
 979 00d5 0B       		.uleb128 0xb
 980 00d6 3B       		.uleb128 0x3b
 981 00d7 0B       		.uleb128 0xb
 982 00d8 27       		.uleb128 0x27
 983 00d9 19       		.uleb128 0x19
 984 00da 11       		.uleb128 0x11
 985 00db 01       		.uleb128 0x1
 986 00dc 12       		.uleb128 0x12
 987 00dd 06       		.uleb128 0x6
 988 00de 40       		.uleb128 0x40
 989 00df 18       		.uleb128 0x18
 990 00e0 9742     		.uleb128 0x2117
 991 00e2 19       		.uleb128 0x19
 992 00e3 01       		.uleb128 0x1
 993 00e4 13       		.uleb128 0x13
 994 00e5 00       		.byte	0
 995 00e6 00       		.byte	0
 996 00e7 12       		.uleb128 0x12
 997 00e8 0B       		.uleb128 0xb
 998 00e9 01       		.byte	0x1
 999 00ea 11       		.uleb128 0x11
 1000 00eb 01       		.uleb128 0x1
 1001 00ec 12       		.uleb128 0x12
 1002 00ed 06       		.uleb128 0x6
 1003 00ee 01       		.uleb128 0x1
 1004 00ef 13       		.uleb128 0x13
 1005 00f0 00       		.byte	0
 1006 00f1 00       		.byte	0
 1007 00f2 13       		.uleb128 0x13
 1008 00f3 13       		.uleb128 0x13
 1009 00f4 01       		.byte	0x1
 1010 00f5 0B       		.uleb128 0xb
 1011 00f6 0B       		.uleb128 0xb
 1012 00f7 3A       		.uleb128 0x3a
 1013 00f8 0B       		.uleb128 0xb
 1014 00f9 3B       		.uleb128 0x3b
 1015 00fa 05       		.uleb128 0x5
 1016 00fb 01       		.uleb128 0x1
 1017 00fc 13       		.uleb128 0x13
 1018 00fd 00       		.byte	0
 1019 00fe 00       		.byte	0
 1020 00ff 14       		.uleb128 0x14
ARM GAS  C:\Users\tyran\AppData\Local\Temp\ccL69fvG.s 			page 25


 1021 0100 0D       		.uleb128 0xd
 1022 0101 00       		.byte	0
 1023 0102 03       		.uleb128 0x3
 1024 0103 0E       		.uleb128 0xe
 1025 0104 3A       		.uleb128 0x3a
 1026 0105 0B       		.uleb128 0xb
 1027 0106 3B       		.uleb128 0x3b
 1028 0107 05       		.uleb128 0x5
 1029 0108 49       		.uleb128 0x49
 1030 0109 13       		.uleb128 0x13
 1031 010a 38       		.uleb128 0x38
 1032 010b 0B       		.uleb128 0xb
 1033 010c 00       		.byte	0
 1034 010d 00       		.byte	0
 1035 010e 15       		.uleb128 0x15
 1036 010f 01       		.uleb128 0x1
 1037 0110 01       		.byte	0x1
 1038 0111 49       		.uleb128 0x49
 1039 0112 13       		.uleb128 0x13
 1040 0113 01       		.uleb128 0x1
 1041 0114 13       		.uleb128 0x13
 1042 0115 00       		.byte	0
 1043 0116 00       		.byte	0
 1044 0117 16       		.uleb128 0x16
 1045 0118 21       		.uleb128 0x21
 1046 0119 00       		.byte	0
 1047 011a 49       		.uleb128 0x49
 1048 011b 13       		.uleb128 0x13
 1049 011c 2F       		.uleb128 0x2f
 1050 011d 0B       		.uleb128 0xb
 1051 011e 00       		.byte	0
 1052 011f 00       		.byte	0
 1053 0120 17       		.uleb128 0x17
 1054 0121 34       		.uleb128 0x34
 1055 0122 00       		.byte	0
 1056 0123 03       		.uleb128 0x3
 1057 0124 0E       		.uleb128 0xe
 1058 0125 3A       		.uleb128 0x3a
 1059 0126 0B       		.uleb128 0xb
 1060 0127 3B       		.uleb128 0x3b
 1061 0128 05       		.uleb128 0x5
 1062 0129 49       		.uleb128 0x49
 1063 012a 13       		.uleb128 0x13
 1064 012b 02       		.uleb128 0x2
 1065 012c 18       		.uleb128 0x18
 1066 012d 00       		.byte	0
 1067 012e 00       		.byte	0
 1068 012f 18       		.uleb128 0x18
 1069 0130 26       		.uleb128 0x26
 1070 0131 00       		.byte	0
 1071 0132 49       		.uleb128 0x49
 1072 0133 13       		.uleb128 0x13
 1073 0134 00       		.byte	0
 1074 0135 00       		.byte	0
 1075 0136 19       		.uleb128 0x19
 1076 0137 34       		.uleb128 0x34
 1077 0138 00       		.byte	0
ARM GAS  C:\Users\tyran\AppData\Local\Temp\ccL69fvG.s 			page 26


 1078 0139 03       		.uleb128 0x3
 1079 013a 08       		.uleb128 0x8
 1080 013b 3A       		.uleb128 0x3a
 1081 013c 0B       		.uleb128 0xb
 1082 013d 3B       		.uleb128 0x3b
 1083 013e 05       		.uleb128 0x5
 1084 013f 49       		.uleb128 0x49
 1085 0140 13       		.uleb128 0x13
 1086 0141 02       		.uleb128 0x2
 1087 0142 17       		.uleb128 0x17
 1088 0143 00       		.byte	0
 1089 0144 00       		.byte	0
 1090 0145 1A       		.uleb128 0x1a
 1091 0146 0B       		.uleb128 0xb
 1092 0147 01       		.byte	0x1
 1093 0148 11       		.uleb128 0x11
 1094 0149 01       		.uleb128 0x1
 1095 014a 12       		.uleb128 0x12
 1096 014b 06       		.uleb128 0x6
 1097 014c 00       		.byte	0
 1098 014d 00       		.byte	0
 1099 014e 1B       		.uleb128 0x1b
 1100 014f 2E       		.uleb128 0x2e
 1101 0150 01       		.byte	0x1
 1102 0151 3F       		.uleb128 0x3f
 1103 0152 19       		.uleb128 0x19
 1104 0153 03       		.uleb128 0x3
 1105 0154 0E       		.uleb128 0xe
 1106 0155 27       		.uleb128 0x27
 1107 0156 19       		.uleb128 0x19
 1108 0157 49       		.uleb128 0x49
 1109 0158 13       		.uleb128 0x13
 1110 0159 34       		.uleb128 0x34
 1111 015a 19       		.uleb128 0x19
 1112 015b 3C       		.uleb128 0x3c
 1113 015c 19       		.uleb128 0x19
 1114 015d 01       		.uleb128 0x1
 1115 015e 13       		.uleb128 0x13
 1116 015f 00       		.byte	0
 1117 0160 00       		.byte	0
 1118 0161 1C       		.uleb128 0x1c
 1119 0162 05       		.uleb128 0x5
 1120 0163 00       		.byte	0
 1121 0164 49       		.uleb128 0x49
 1122 0165 13       		.uleb128 0x13
 1123 0166 00       		.byte	0
 1124 0167 00       		.byte	0
 1125 0168 1D       		.uleb128 0x1d
 1126 0169 2E       		.uleb128 0x2e
 1127 016a 00       		.byte	0
 1128 016b 3F       		.uleb128 0x3f
 1129 016c 19       		.uleb128 0x19
 1130 016d 03       		.uleb128 0x3
 1131 016e 0E       		.uleb128 0xe
 1132 016f 3A       		.uleb128 0x3a
 1133 0170 0B       		.uleb128 0xb
 1134 0171 3B       		.uleb128 0x3b
ARM GAS  C:\Users\tyran\AppData\Local\Temp\ccL69fvG.s 			page 27


 1135 0172 0B       		.uleb128 0xb
 1136 0173 27       		.uleb128 0x27
 1137 0174 19       		.uleb128 0x19
 1138 0175 3C       		.uleb128 0x3c
 1139 0176 19       		.uleb128 0x19
 1140 0177 00       		.byte	0
 1141 0178 00       		.byte	0
 1142 0179 1E       		.uleb128 0x1e
 1143 017a 2E       		.uleb128 0x2e
 1144 017b 01       		.byte	0x1
 1145 017c 3F       		.uleb128 0x3f
 1146 017d 19       		.uleb128 0x19
 1147 017e 03       		.uleb128 0x3
 1148 017f 0E       		.uleb128 0xe
 1149 0180 3A       		.uleb128 0x3a
 1150 0181 0B       		.uleb128 0xb
 1151 0182 3B       		.uleb128 0x3b
 1152 0183 0B       		.uleb128 0xb
 1153 0184 27       		.uleb128 0x27
 1154 0185 19       		.uleb128 0x19
 1155 0186 3C       		.uleb128 0x3c
 1156 0187 19       		.uleb128 0x19
 1157 0188 01       		.uleb128 0x1
 1158 0189 13       		.uleb128 0x13
 1159 018a 00       		.byte	0
 1160 018b 00       		.byte	0
 1161 018c 1F       		.uleb128 0x1f
 1162 018d 2E       		.uleb128 0x2e
 1163 018e 01       		.byte	0x1
 1164 018f 3F       		.uleb128 0x3f
 1165 0190 19       		.uleb128 0x19
 1166 0191 03       		.uleb128 0x3
 1167 0192 0E       		.uleb128 0xe
 1168 0193 3A       		.uleb128 0x3a
 1169 0194 0B       		.uleb128 0xb
 1170 0195 3B       		.uleb128 0x3b
 1171 0196 0B       		.uleb128 0xb
 1172 0197 27       		.uleb128 0x27
 1173 0198 19       		.uleb128 0x19
 1174 0199 49       		.uleb128 0x49
 1175 019a 13       		.uleb128 0x13
 1176 019b 3C       		.uleb128 0x3c
 1177 019c 19       		.uleb128 0x19
 1178 019d 01       		.uleb128 0x1
 1179 019e 13       		.uleb128 0x13
 1180 019f 00       		.byte	0
 1181 01a0 00       		.byte	0
 1182 01a1 20       		.uleb128 0x20
 1183 01a2 2E       		.uleb128 0x2e
 1184 01a3 01       		.byte	0x1
 1185 01a4 3F       		.uleb128 0x3f
 1186 01a5 19       		.uleb128 0x19
 1187 01a6 03       		.uleb128 0x3
 1188 01a7 0E       		.uleb128 0xe
 1189 01a8 3A       		.uleb128 0x3a
 1190 01a9 0B       		.uleb128 0xb
 1191 01aa 3B       		.uleb128 0x3b
ARM GAS  C:\Users\tyran\AppData\Local\Temp\ccL69fvG.s 			page 28


 1192 01ab 0B       		.uleb128 0xb
 1193 01ac 27       		.uleb128 0x27
 1194 01ad 19       		.uleb128 0x19
 1195 01ae 3C       		.uleb128 0x3c
 1196 01af 19       		.uleb128 0x19
 1197 01b0 00       		.byte	0
 1198 01b1 00       		.byte	0
 1199 01b2 00       		.byte	0
 1200              		.section	.debug_loc,"",%progbits
 1201              	.Ldebug_loc0:
 1202              	.LLST0:
 1203 0000 00000000 		.4byte	.LVL0
 1204 0004 09000000 		.4byte	.LVL2-1
 1205 0008 0100     		.2byte	0x1
 1206 000a 50       		.byte	0x50
 1207 000b 09000000 		.4byte	.LVL2-1
 1208 000f 0C000000 		.4byte	.LFE2
 1209 0013 0400     		.2byte	0x4
 1210 0015 F3       		.byte	0xf3
 1211 0016 01       		.uleb128 0x1
 1212 0017 50       		.byte	0x50
 1213 0018 9F       		.byte	0x9f
 1214 0019 00000000 		.4byte	0
 1215 001d 00000000 		.4byte	0
 1216              	.LLST1:
 1217 0021 00000000 		.4byte	.LVL0
 1218 0025 06000000 		.4byte	.LVL1
 1219 0029 0100     		.2byte	0x1
 1220 002b 51       		.byte	0x51
 1221 002c 06000000 		.4byte	.LVL1
 1222 0030 09000000 		.4byte	.LVL2-1
 1223 0034 0100     		.2byte	0x1
 1224 0036 52       		.byte	0x52
 1225 0037 09000000 		.4byte	.LVL2-1
 1226 003b 0C000000 		.4byte	.LFE2
 1227 003f 0400     		.2byte	0x4
 1228 0041 F3       		.byte	0xf3
 1229 0042 01       		.uleb128 0x1
 1230 0043 51       		.byte	0x51
 1231 0044 9F       		.byte	0x9f
 1232 0045 00000000 		.4byte	0
 1233 0049 00000000 		.4byte	0
 1234              	.LLST2:
 1235 004d BE000000 		.4byte	.LVL11
 1236 0051 C2000000 		.4byte	.LVL12
 1237 0055 0200     		.2byte	0x2
 1238 0057 30       		.byte	0x30
 1239 0058 9F       		.byte	0x9f
 1240 0059 C2000000 		.4byte	.LVL12
 1241 005d E2000000 		.4byte	.LVL14
 1242 0061 0100     		.2byte	0x1
 1243 0063 54       		.byte	0x54
 1244 0064 E4000000 		.4byte	.LVL15
 1245 0068 4C010000 		.4byte	.LVL18
 1246 006c 0100     		.2byte	0x1
 1247 006e 54       		.byte	0x54
 1248 006f 00000000 		.4byte	0
ARM GAS  C:\Users\tyran\AppData\Local\Temp\ccL69fvG.s 			page 29


 1249 0073 00000000 		.4byte	0
 1250              	.LLST3:
 1251 0077 C2000000 		.4byte	.LVL12
 1252 007b E2000000 		.4byte	.LVL14
 1253 007f 0B00     		.2byte	0xb
 1254 0081 74       		.byte	0x74
 1255 0082 00       		.sleb128 0
 1256 0083 36       		.byte	0x36
 1257 0084 1E       		.byte	0x1e
 1258 0085 03       		.byte	0x3
 1259 0086 00000000 		.4byte	cfg_memset_list.4742
 1260 008a 22       		.byte	0x22
 1261 008b 9F       		.byte	0x9f
 1262 008c E2000000 		.4byte	.LVL14
 1263 0090 E4000000 		.4byte	.LVL15
 1264 0094 0B00     		.2byte	0xb
 1265 0096 74       		.byte	0x74
 1266 0097 7F       		.sleb128 -1
 1267 0098 36       		.byte	0x36
 1268 0099 1E       		.byte	0x1e
 1269 009a 03       		.byte	0x3
 1270 009b 00000000 		.4byte	cfg_memset_list.4742
 1271 009f 22       		.byte	0x22
 1272 00a0 9F       		.byte	0x9f
 1273 00a1 00000000 		.4byte	0
 1274 00a5 00000000 		.4byte	0
 1275              		.section	.debug_aranges,"",%progbits
 1276 0000 34000000 		.4byte	0x34
 1277 0004 0200     		.2byte	0x2
 1278 0006 00000000 		.4byte	.Ldebug_info0
 1279 000a 04       		.byte	0x4
 1280 000b 00       		.byte	0
 1281 000c 0000     		.2byte	0
 1282 000e 0000     		.2byte	0
 1283 0010 00000000 		.4byte	.LFB6
 1284 0014 20000000 		.4byte	.LFE6-.LFB6
 1285 0018 00000000 		.4byte	.LFB2
 1286 001c 0C000000 		.4byte	.LFE2-.LFB2
 1287 0020 00000000 		.4byte	.LFB5
 1288 0024 B4000000 		.4byte	.LFE5-.LFB5
 1289 0028 B4000000 		.4byte	.LFB7
 1290 002c D8000000 		.4byte	.LFE7-.LFB7
 1291 0030 00000000 		.4byte	0
 1292 0034 00000000 		.4byte	0
 1293              		.section	.debug_ranges,"",%progbits
 1294              	.Ldebug_ranges0:
 1295 0000 00000000 		.4byte	.LFB6
 1296 0004 20000000 		.4byte	.LFE6
 1297 0008 00000000 		.4byte	.LFB2
 1298 000c 0C000000 		.4byte	.LFE2
 1299 0010 00000000 		.4byte	.LFB5
 1300 0014 B4000000 		.4byte	.LFE5
 1301 0018 B4000000 		.4byte	.LFB7
 1302 001c 8C010000 		.4byte	.LFE7
 1303 0020 00000000 		.4byte	0
 1304 0024 00000000 		.4byte	0
 1305              		.section	.debug_line,"",%progbits
ARM GAS  C:\Users\tyran\AppData\Local\Temp\ccL69fvG.s 			page 30


 1306              	.Ldebug_line0:
 1307 0000 5B010000 		.section	.debug_str,"MS",%progbits,1
 1307      0200E300 
 1307      00000201 
 1307      FB0E0D00 
 1307      01010101 
 1308              	.LASF28:
 1309 0000 43794465 		.ascii	"CyDelayCycles\000"
 1309      6C617943 
 1309      79636C65 
 1309      7300
 1310              	.LASF19:
 1311 000e 72656733 		.ascii	"reg32\000"
 1311      3200
 1312              	.LASF11:
 1313 0014 73697A65 		.ascii	"size_t\000"
 1313      5F7400
 1314              	.LASF37:
 1315 001b 416E616C 		.ascii	"AnalogSetDefault\000"
 1315      6F675365 
 1315      74446566 
 1315      61756C74 
 1315      00
 1316              	.LASF33:
 1317 002c 4379496E 		.ascii	"CyIntSetVector\000"
 1317      74536574 
 1317      56656374 
 1317      6F7200
 1318              	.LASF26:
 1319 003b 6366675F 		.ascii	"cfg_memset_list\000"
 1319      6D656D73 
 1319      65745F6C 
 1319      69737400 
 1320              	.LASF22:
 1321 004b 436C6F63 		.ascii	"ClockSetup\000"
 1321      6B536574 
 1321      757000
 1322              	.LASF4:
 1323 0056 73686F72 		.ascii	"short unsigned int\000"
 1323      7420756E 
 1323      7369676E 
 1323      65642069 
 1323      6E7400
 1324              	.LASF15:
 1325 0069 666C6F61 		.ascii	"float\000"
 1325      7400
 1326              	.LASF24:
 1327 006f 73697A65 		.ascii	"size\000"
 1327      00
 1328              	.LASF30:
 1329 0074 43795379 		.ascii	"CySysClkWcoSetPowerMode\000"
 1329      73436C6B 
 1329      57636F53 
 1329      6574506F 
 1329      7765724D 
 1330              	.LASF18:
 1331 008c 72656738 		.ascii	"reg8\000"
ARM GAS  C:\Users\tyran\AppData\Local\Temp\ccL69fvG.s 			page 31


 1331      00
 1332              	.LASF6:
 1333 0091 6C6F6E67 		.ascii	"long unsigned int\000"
 1333      20756E73 
 1333      69676E65 
 1333      6420696E 
 1333      7400
 1334              	.LASF12:
 1335 00a3 75696E74 		.ascii	"uint8\000"
 1335      3800
 1336              	.LASF39:
 1337 00a9 43795379 		.ascii	"CySysClkWcoStart\000"
 1337      73436C6B 
 1337      57636F53 
 1337      74617274 
 1337      00
 1338              	.LASF21:
 1339 00ba 43594D45 		.ascii	"CYMEMZERO\000"
 1339      4D5A4552 
 1339      4F00
 1340              	.LASF2:
 1341 00c4 756E7369 		.ascii	"unsigned char\000"
 1341      676E6564 
 1341      20636861 
 1341      7200
 1342              	.LASF27:
 1343 00d2 6D656D73 		.ascii	"memset\000"
 1343      657400
 1344              	.LASF16:
 1345 00d9 646F7562 		.ascii	"double\000"
 1345      6C6500
 1346              	.LASF40:
 1347 00e0 4379496E 		.ascii	"CyIntEnable\000"
 1347      74456E61 
 1347      626C6500 
 1348              	.LASF13:
 1349 00ec 75696E74 		.ascii	"uint16\000"
 1349      313600
 1350              	.LASF17:
 1351 00f3 63797374 		.ascii	"cystatus\000"
 1351      61747573 
 1351      00
 1352              	.LASF14:
 1353 00fc 75696E74 		.ascii	"uint32\000"
 1353      333200
 1354              	.LASF0:
 1355 0103 756E7369 		.ascii	"unsigned int\000"
 1355      676E6564 
 1355      20696E74 
 1355      00
 1356              	.LASF38:
 1357 0110 63796669 		.ascii	"cyfitter_cfg\000"
 1357      74746572 
 1357      5F636667 
 1357      00
 1358              	.LASF23:
 1359 011d 61646472 		.ascii	"address\000"
ARM GAS  C:\Users\tyran\AppData\Local\Temp\ccL69fvG.s 			page 32


 1359      65737300 
 1360              	.LASF8:
 1361 0125 6C6F6E67 		.ascii	"long long unsigned int\000"
 1361      206C6F6E 
 1361      6720756E 
 1361      7369676E 
 1361      65642069 
 1362              	.LASF20:
 1363 013c 63796973 		.ascii	"cyisraddress\000"
 1363      72616464 
 1363      72657373 
 1363      00
 1364              	.LASF25:
 1365 0149 6366675F 		.ascii	"cfg_memset_t\000"
 1365      6D656D73 
 1365      65745F74 
 1365      00
 1366              	.LASF9:
 1367 0156 73697A65 		.ascii	"sizetype\000"
 1367      74797065 
 1367      00
 1368              	.LASF7:
 1369 015f 6C6F6E67 		.ascii	"long long int\000"
 1369      206C6F6E 
 1369      6720696E 
 1369      7400
 1370              	.LASF32:
 1371 016d 43794465 		.ascii	"CyDelayUs\000"
 1371      6C617955 
 1371      7300
 1372              	.LASF10:
 1373 0177 63686172 		.ascii	"char\000"
 1373      00
 1374              	.LASF31:
 1375 017c 43795379 		.ascii	"CySysClkEcoStart\000"
 1375      73436C6B 
 1375      45636F53 
 1375      74617274 
 1375      00
 1376              	.LASF34:
 1377 018d 474E5520 		.ascii	"GNU C 4.9.3 20150303 (release) [ARM/embedded-4_9-br"
 1377      4320342E 
 1377      392E3320 
 1377      32303135 
 1377      30333033 
 1378 01c0 616E6368 		.ascii	"anch revision 221220] -mcpu=cortex-m0 -mthumb -g -O"
 1378      20726576 
 1378      6973696F 
 1378      6E203232 
 1378      31323230 
 1379 01f3 67202D66 		.ascii	"g -ffunction-sections -ffat-lto-objects\000"
 1379      66756E63 
 1379      74696F6E 
 1379      2D736563 
 1379      74696F6E 
 1380              	.LASF3:
 1381 021b 73686F72 		.ascii	"short int\000"
ARM GAS  C:\Users\tyran\AppData\Local\Temp\ccL69fvG.s 			page 33


 1381      7420696E 
 1381      7400
 1382              	.LASF29:
 1383 0225 43795379 		.ascii	"CySysClkWriteImoFreq\000"
 1383      73436C6B 
 1383      57726974 
 1383      65496D6F 
 1383      46726571 
 1384              	.LASF5:
 1385 023a 6C6F6E67 		.ascii	"long int\000"
 1385      20696E74 
 1385      00
 1386              	.LASF1:
 1387 0243 7369676E 		.ascii	"signed char\000"
 1387      65642063 
 1387      68617200 
 1388              	.LASF35:
 1389 024f 47656E65 		.ascii	"Generated_Source\\PSoC4\\cyfitter_cfg.c\000"
 1389      72617465 
 1389      645F536F 
 1389      75726365 
 1389      5C50536F 
 1390              	.LASF36:
 1391 0275 433A5C55 		.ascii	"C:\\Users\\tyran\\Desktop\\ASU\\EGR 304 PSoC Work\\"
 1391      73657273 
 1391      5C747972 
 1391      616E5C44 
 1391      65736B74 
 1392 02a2 5072696D 		.ascii	"Primary Board Code\\PrimaryBoardCode.cydsn\000"
 1392      61727920 
 1392      426F6172 
 1392      6420436F 
 1392      64655C50 
 1393              		.ident	"GCC: (GNU Tools for ARM Embedded Processors) 4.9.3 20150303 (release) [ARM/embedded-4_9-br
