Archive member included because of file (symbol)

.\CortexM0\ARM_GCC_493\Debug\PrimaryBoardCode.a(cyfitter_cfg.o)
                              .\CortexM0\ARM_GCC_493\Debug\Cm0Start.o (cyfitter_cfg)
.\CortexM0\ARM_GCC_493\Debug\PrimaryBoardCode.a(Pin_Red.o)
                              .\CortexM0\ARM_GCC_493\Debug\main.o (Pin_Red_Write)
.\CortexM0\ARM_GCC_493\Debug\PrimaryBoardCode.a(CyLib.o)
                              .\CortexM0\ARM_GCC_493\Debug\PrimaryBoardCode.a(cyfitter_cfg.o) (CySysClkWriteImoFreq)
.\CortexM0\ARM_GCC_493\Debug\PrimaryBoardCode.a(CyLFClk.o)
                              .\CortexM0\ARM_GCC_493\Debug\PrimaryBoardCode.a(cyfitter_cfg.o) (CySysClkWcoStart)
.\CortexM0\ARM_GCC_493\Debug\PrimaryBoardCode.a(LED1.o)
                              .\CortexM0\ARM_GCC_493\Debug\main.o (LED1_Write)
.\CortexM0\ARM_GCC_493\Debug\PrimaryBoardCode.a(LED2.o)
                              .\CortexM0\ARM_GCC_493\Debug\main.o (LED2_Write)
.\CortexM0\ARM_GCC_493\Debug\PrimaryBoardCode.a(LED3.o)
                              .\CortexM0\ARM_GCC_493\Debug\main.o (LED3_Write)
.\CortexM0\ARM_GCC_493\Debug\PrimaryBoardCode.a(MOSFET1.o)
                              .\CortexM0\ARM_GCC_493\Debug\main.o (MOSFET1_Write)
.\CortexM0\ARM_GCC_493\Debug\PrimaryBoardCode.a(CyBootAsmGnu.o)
                              .\CortexM0\ARM_GCC_493\Debug\PrimaryBoardCode.a(cyfitter_cfg.o) (CyDelayCycles)
c:/program files (x86)/cypress/psoc creator/4.0/psoc creator/import/gnu/arm/4.9.3/bin/../lib/gcc/arm-none-eabi/4.9.3/armv6-m\libgcc.a(_udivsi3.o)
                              .\CortexM0\ARM_GCC_493\Debug\PrimaryBoardCode.a(CyLib.o) (__aeabi_uidiv)
c:/program files (x86)/cypress/psoc creator/4.0/psoc creator/import/gnu/arm/4.9.3/bin/../lib/gcc/arm-none-eabi/4.9.3/armv6-m\libgcc.a(_dvmd_tls.o)
                              c:/program files (x86)/cypress/psoc creator/4.0/psoc creator/import/gnu/arm/4.9.3/bin/../lib/gcc/arm-none-eabi/4.9.3/armv6-m\libgcc.a(_udivsi3.o) (__aeabi_idiv0)
c:/program files (x86)/cypress/psoc creator/4.0/psoc creator/import/gnu/arm/4.9.3/bin/../lib/gcc/arm-none-eabi/4.9.3/../../../../arm-none-eabi/lib/armv6-m\libg_nano.a(lib_a-errno.o)
                              .\CortexM0\ARM_GCC_493\Debug\Cm0Start.o (__errno)
c:/program files (x86)/cypress/psoc creator/4.0/psoc creator/import/gnu/arm/4.9.3/bin/../lib/gcc/arm-none-eabi/4.9.3/../../../../arm-none-eabi/lib/armv6-m\libg_nano.a(lib_a-exit.o)
                              c:/program files (x86)/cypress/psoc creator/4.0/psoc creator/import/gnu/arm/4.9.3/bin/../lib/gcc/arm-none-eabi/4.9.3/../../../../arm-none-eabi/lib/armv6-m/crt0.o (exit)
c:/program files (x86)/cypress/psoc creator/4.0/psoc creator/import/gnu/arm/4.9.3/bin/../lib/gcc/arm-none-eabi/4.9.3/../../../../arm-none-eabi/lib/armv6-m\libg_nano.a(lib_a-impure.o)
                              c:/program files (x86)/cypress/psoc creator/4.0/psoc creator/import/gnu/arm/4.9.3/bin/../lib/gcc/arm-none-eabi/4.9.3/../../../../arm-none-eabi/lib/armv6-m\libg_nano.a(lib_a-exit.o) (_global_impure_ptr)
c:/program files (x86)/cypress/psoc creator/4.0/psoc creator/import/gnu/arm/4.9.3/bin/../lib/gcc/arm-none-eabi/4.9.3/../../../../arm-none-eabi/lib/armv6-m\libg_nano.a(lib_a-init.o)
                              c:/program files (x86)/cypress/psoc creator/4.0/psoc creator/import/gnu/arm/4.9.3/bin/../lib/gcc/arm-none-eabi/4.9.3/../../../../arm-none-eabi/lib/armv6-m/crt0.o (__libc_init_array)
c:/program files (x86)/cypress/psoc creator/4.0/psoc creator/import/gnu/arm/4.9.3/bin/../lib/gcc/arm-none-eabi/4.9.3/../../../../arm-none-eabi/lib/armv6-m\libg_nano.a(lib_a-memset.o)
                              c:/program files (x86)/cypress/psoc creator/4.0/psoc creator/import/gnu/arm/4.9.3/bin/../lib/gcc/arm-none-eabi/4.9.3/../../../../arm-none-eabi/lib/armv6-m/crt0.o (memset)

Discarded input sections

 .text          0x00000000        0x0 c:/program files (x86)/cypress/psoc creator/4.0/psoc creator/import/gnu/arm/4.9.3/bin/../lib/gcc/arm-none-eabi/4.9.3/armv6-m/crti.o
 .data          0x00000000        0x0 c:/program files (x86)/cypress/psoc creator/4.0/psoc creator/import/gnu/arm/4.9.3/bin/../lib/gcc/arm-none-eabi/4.9.3/armv6-m/crti.o
 .bss           0x00000000        0x0 c:/program files (x86)/cypress/psoc creator/4.0/psoc creator/import/gnu/arm/4.9.3/bin/../lib/gcc/arm-none-eabi/4.9.3/armv6-m/crti.o
 .data          0x00000000        0x4 c:/program files (x86)/cypress/psoc creator/4.0/psoc creator/import/gnu/arm/4.9.3/bin/../lib/gcc/arm-none-eabi/4.9.3/armv6-m/crtbegin.o
 .text          0x00000000       0x78 c:/program files (x86)/cypress/psoc creator/4.0/psoc creator/import/gnu/arm/4.9.3/bin/../lib/gcc/arm-none-eabi/4.9.3/../../../../arm-none-eabi/lib/armv6-m/crt0.o
 .data          0x00000000        0x0 c:/program files (x86)/cypress/psoc creator/4.0/psoc creator/import/gnu/arm/4.9.3/bin/../lib/gcc/arm-none-eabi/4.9.3/../../../../arm-none-eabi/lib/armv6-m/crt0.o
 .bss           0x00000000        0x0 c:/program files (x86)/cypress/psoc creator/4.0/psoc creator/import/gnu/arm/4.9.3/bin/../lib/gcc/arm-none-eabi/4.9.3/../../../../arm-none-eabi/lib/armv6-m/crt0.o
 .ARM.extab     0x00000000        0x0 c:/program files (x86)/cypress/psoc creator/4.0/psoc creator/import/gnu/arm/4.9.3/bin/../lib/gcc/arm-none-eabi/4.9.3/../../../../arm-none-eabi/lib/armv6-m/crt0.o
 .ARM.exidx     0x00000000        0x8 c:/program files (x86)/cypress/psoc creator/4.0/psoc creator/import/gnu/arm/4.9.3/bin/../lib/gcc/arm-none-eabi/4.9.3/../../../../arm-none-eabi/lib/armv6-m/crt0.o
 .text          0x00000000        0x0 .\CortexM0\ARM_GCC_493\Debug\main.o
 .data          0x00000000        0x0 .\CortexM0\ARM_GCC_493\Debug\main.o
 .bss           0x00000000        0x0 .\CortexM0\ARM_GCC_493\Debug\main.o
 .text          0x00000000        0x0 .\CortexM0\ARM_GCC_493\Debug\LEDFunctions.o
 .data          0x00000000        0x0 .\CortexM0\ARM_GCC_493\Debug\LEDFunctions.o
 .bss           0x00000000        0x0 .\CortexM0\ARM_GCC_493\Debug\LEDFunctions.o
 .text.setStateOff
                0x00000000        0x4 .\CortexM0\ARM_GCC_493\Debug\LEDFunctions.o
 .text.binary1  0x00000000        0x4 .\CortexM0\ARM_GCC_493\Debug\LEDFunctions.o
 .text          0x00000000        0x0 .\CortexM0\ARM_GCC_493\Debug\cymetadata.o
 .data          0x00000000        0x0 .\CortexM0\ARM_GCC_493\Debug\cymetadata.o
 .bss           0x00000000        0x0 .\CortexM0\ARM_GCC_493\Debug\cymetadata.o
 .text          0x00000000        0x0 .\CortexM0\ARM_GCC_493\Debug\Cm0Start.o
 .data          0x00000000        0x4 .\CortexM0\ARM_GCC_493\Debug\Cm0Start.o
 .bss           0x00000000        0x0 .\CortexM0\ARM_GCC_493\Debug\Cm0Start.o
 .text._exit    0x00000000        0xc .\CortexM0\ARM_GCC_493\Debug\Cm0Start.o
 .text._sbrk    0x00000000       0x30 .\CortexM0\ARM_GCC_493\Debug\Cm0Start.o
 .text          0x00000000        0x0 .\CortexM0\ARM_GCC_493\Debug\PrimaryBoardCode.a(cyfitter_cfg.o)
 .data          0x00000000        0x0 .\CortexM0\ARM_GCC_493\Debug\PrimaryBoardCode.a(cyfitter_cfg.o)
 .bss           0x00000000        0x0 .\CortexM0\ARM_GCC_493\Debug\PrimaryBoardCode.a(cyfitter_cfg.o)
 .text          0x00000000        0x0 .\CortexM0\ARM_GCC_493\Debug\PrimaryBoardCode.a(Pin_Red.o)
 .data          0x00000000        0x0 .\CortexM0\ARM_GCC_493\Debug\PrimaryBoardCode.a(Pin_Red.o)
 .bss           0x00000000        0x0 .\CortexM0\ARM_GCC_493\Debug\PrimaryBoardCode.a(Pin_Red.o)
 .text.Pin_Red_SetDriveMode
                0x00000000       0x18 .\CortexM0\ARM_GCC_493\Debug\PrimaryBoardCode.a(Pin_Red.o)
 .text.Pin_Red_Read
                0x00000000       0x10 .\CortexM0\ARM_GCC_493\Debug\PrimaryBoardCode.a(Pin_Red.o)
 .text.Pin_Red_ReadDataReg
                0x00000000       0x10 .\CortexM0\ARM_GCC_493\Debug\PrimaryBoardCode.a(Pin_Red.o)
 .text.Pin_Red_ClearInterrupt
                0x00000000       0x14 .\CortexM0\ARM_GCC_493\Debug\PrimaryBoardCode.a(Pin_Red.o)
 .text          0x00000000        0x0 .\CortexM0\ARM_GCC_493\Debug\PrimaryBoardCode.a(CyLib.o)
 .bss           0x00000000       0x18 .\CortexM0\ARM_GCC_493\Debug\PrimaryBoardCode.a(CyLib.o)
 .text.CySysClkImoStart
                0x00000000       0x14 .\CortexM0\ARM_GCC_493\Debug\PrimaryBoardCode.a(CyLib.o)
 .text.CySysClkImoStop
                0x00000000       0x10 .\CortexM0\ARM_GCC_493\Debug\PrimaryBoardCode.a(CyLib.o)
 .text.CySysClkWriteHfclkDirect
                0x00000000       0x24 .\CortexM0\ARM_GCC_493\Debug\PrimaryBoardCode.a(CyLib.o)
 .text.CySysClkWriteSysclkDiv
                0x00000000       0x28 .\CortexM0\ARM_GCC_493\Debug\PrimaryBoardCode.a(CyLib.o)
 .text.CySysClkEcoStop
                0x00000000       0x24 .\CortexM0\ARM_GCC_493\Debug\PrimaryBoardCode.a(CyLib.o)
 .text.CySysLvdDisable
                0x00000000       0x20 .\CortexM0\ARM_GCC_493\Debug\PrimaryBoardCode.a(CyLib.o)
 .text.CySysLvdGetInterruptSource
                0x00000000       0x10 .\CortexM0\ARM_GCC_493\Debug\PrimaryBoardCode.a(CyLib.o)
 .text.CySysLvdClearInterrupt
                0x00000000        0xc .\CortexM0\ARM_GCC_493\Debug\PrimaryBoardCode.a(CyLib.o)
 .text.CySysGetResetReason
                0x00000000       0x14 .\CortexM0\ARM_GCC_493\Debug\PrimaryBoardCode.a(CyLib.o)
 .text.CyDisableInts
                0x00000000       0x10 .\CortexM0\ARM_GCC_493\Debug\PrimaryBoardCode.a(CyLib.o)
 .text.CyEnableInts
                0x00000000        0xc .\CortexM0\ARM_GCC_493\Debug\PrimaryBoardCode.a(CyLib.o)
 .text.CyIntGetState
                0x00000000       0x18 .\CortexM0\ARM_GCC_493\Debug\PrimaryBoardCode.a(CyLib.o)
 .text.CyIntDisable
                0x00000000       0x14 .\CortexM0\ARM_GCC_493\Debug\PrimaryBoardCode.a(CyLib.o)
 .text.CyIntSetPending
                0x00000000       0x14 .\CortexM0\ARM_GCC_493\Debug\PrimaryBoardCode.a(CyLib.o)
 .text.CyIntClearPending
                0x00000000       0x14 .\CortexM0\ARM_GCC_493\Debug\PrimaryBoardCode.a(CyLib.o)
 .text.CySysClkWriteEcoDiv
                0x00000000       0x38 .\CortexM0\ARM_GCC_493\Debug\PrimaryBoardCode.a(CyLib.o)
 .text.CyIntSetSysVector
                0x00000000       0x20 .\CortexM0\ARM_GCC_493\Debug\PrimaryBoardCode.a(CyLib.o)
 .text.CyIntGetSysVector
                0x00000000       0x1c .\CortexM0\ARM_GCC_493\Debug\PrimaryBoardCode.a(CyLib.o)
 .text.CyIntGetVector
                0x00000000       0x20 .\CortexM0\ARM_GCC_493\Debug\PrimaryBoardCode.a(CyLib.o)
 .text.CyIntSetPriority
                0x00000000       0x4c .\CortexM0\ARM_GCC_493\Debug\PrimaryBoardCode.a(CyLib.o)
 .text.CyIntGetPriority
                0x00000000       0x2c .\CortexM0\ARM_GCC_493\Debug\PrimaryBoardCode.a(CyLib.o)
 .text.CySoftwareReset
                0x00000000       0x18 .\CortexM0\ARM_GCC_493\Debug\PrimaryBoardCode.a(CyLib.o)
 .text.CySysLvdEnable
                0x00000000       0x44 .\CortexM0\ARM_GCC_493\Debug\PrimaryBoardCode.a(CyLib.o)
 .text.CyDelayFreq
                0x00000000       0x4c .\CortexM0\ARM_GCC_493\Debug\PrimaryBoardCode.a(CyLib.o)
 .text.CySysTickStop
                0x00000000       0x10 .\CortexM0\ARM_GCC_493\Debug\PrimaryBoardCode.a(CyLib.o)
 .text.CySysTickEnableInterrupt
                0x00000000       0x10 .\CortexM0\ARM_GCC_493\Debug\PrimaryBoardCode.a(CyLib.o)
 .text.CySysTickEnable
                0x00000000       0x18 .\CortexM0\ARM_GCC_493\Debug\PrimaryBoardCode.a(CyLib.o)
 .text.CySysTickDisableInterrupt
                0x00000000       0x10 .\CortexM0\ARM_GCC_493\Debug\PrimaryBoardCode.a(CyLib.o)
 .text.CySysTickSetReload
                0x00000000       0x10 .\CortexM0\ARM_GCC_493\Debug\PrimaryBoardCode.a(CyLib.o)
 .text.CySysTickGetReload
                0x00000000       0x10 .\CortexM0\ARM_GCC_493\Debug\PrimaryBoardCode.a(CyLib.o)
 .text.CySysTickGetValue
                0x00000000       0x10 .\CortexM0\ARM_GCC_493\Debug\PrimaryBoardCode.a(CyLib.o)
 .text.CySysTickSetClockSource
                0x00000000       0x20 .\CortexM0\ARM_GCC_493\Debug\PrimaryBoardCode.a(CyLib.o)
 .text.CySysTickGetCountFlag
                0x00000000       0x10 .\CortexM0\ARM_GCC_493\Debug\PrimaryBoardCode.a(CyLib.o)
 .text.CySysTickServiceCallbacks
                0x00000000       0x28 .\CortexM0\ARM_GCC_493\Debug\PrimaryBoardCode.a(CyLib.o)
 .text.CySysTickClear
                0x00000000        0xc .\CortexM0\ARM_GCC_493\Debug\PrimaryBoardCode.a(CyLib.o)
 .text.CySysTickInit
                0x00000000       0x4c .\CortexM0\ARM_GCC_493\Debug\PrimaryBoardCode.a(CyLib.o)
 .text.CySysTickStart
                0x00000000       0x20 .\CortexM0\ARM_GCC_493\Debug\PrimaryBoardCode.a(CyLib.o)
 .text.CySysTickSetCallback
                0x00000000       0x10 .\CortexM0\ARM_GCC_493\Debug\PrimaryBoardCode.a(CyLib.o)
 .text.CySysTickGetCallback
                0x00000000        0xc .\CortexM0\ARM_GCC_493\Debug\PrimaryBoardCode.a(CyLib.o)
 .text.CyGetUniqueId
                0x00000000       0x70 .\CortexM0\ARM_GCC_493\Debug\PrimaryBoardCode.a(CyLib.o)
 .text          0x00000000        0x0 .\CortexM0\ARM_GCC_493\Debug\PrimaryBoardCode.a(CyLFClk.o)
 .text.CySysClkIloEnabled
                0x00000000       0x14 .\CortexM0\ARM_GCC_493\Debug\PrimaryBoardCode.a(CyLFClk.o)
 .text.CySysClkGetLfclkSource
                0x00000000       0x10 .\CortexM0\ARM_GCC_493\Debug\PrimaryBoardCode.a(CyLFClk.o)
 .text.CySysClkIloStart
                0x00000000       0x14 .\CortexM0\ARM_GCC_493\Debug\PrimaryBoardCode.a(CyLFClk.o)
 .text.CySysClkWcoEnabled
                0x00000000       0x14 .\CortexM0\ARM_GCC_493\Debug\PrimaryBoardCode.a(CyLFClk.o)
 .text.CySysWdtGetEnabledStatus
                0x00000000       0x24 .\CortexM0\ARM_GCC_493\Debug\PrimaryBoardCode.a(CyLFClk.o)
 .text.CySysWdtSetMode
                0x00000000       0x38 .\CortexM0\ARM_GCC_493\Debug\PrimaryBoardCode.a(CyLFClk.o)
 .text.CySysClkLfclkPosedgeRestore
                0x00000000       0x2c .\CortexM0\ARM_GCC_493\Debug\PrimaryBoardCode.a(CyLFClk.o)
 .text.CySysWdtGetMode
                0x00000000       0x14 .\CortexM0\ARM_GCC_493\Debug\PrimaryBoardCode.a(CyLFClk.o)
 .text.CySysWdtSetClearOnMatch
                0x00000000       0x38 .\CortexM0\ARM_GCC_493\Debug\PrimaryBoardCode.a(CyLFClk.o)
 .text.CySysWdtGetClearOnMatch
                0x00000000       0x24 .\CortexM0\ARM_GCC_493\Debug\PrimaryBoardCode.a(CyLFClk.o)
 .text.CySysWdtEnable
                0x00000000       0x3c .\CortexM0\ARM_GCC_493\Debug\PrimaryBoardCode.a(CyLFClk.o)
 .text.CySysWdtDisable
                0x00000000       0x44 .\CortexM0\ARM_GCC_493\Debug\PrimaryBoardCode.a(CyLFClk.o)
 .text.CySysWdtSetCascade
                0x00000000       0x34 .\CortexM0\ARM_GCC_493\Debug\PrimaryBoardCode.a(CyLFClk.o)
 .text.CySysWdtGetCascade
                0x00000000       0x14 .\CortexM0\ARM_GCC_493\Debug\PrimaryBoardCode.a(CyLFClk.o)
 .text.CySysWdtSetMatch
                0x00000000       0x58 .\CortexM0\ARM_GCC_493\Debug\PrimaryBoardCode.a(CyLFClk.o)
 .text.CySysWdtSetToggleBit
                0x00000000       0x2c .\CortexM0\ARM_GCC_493\Debug\PrimaryBoardCode.a(CyLFClk.o)
 .text.CySysWdtGetToggleBit
                0x00000000       0x10 .\CortexM0\ARM_GCC_493\Debug\PrimaryBoardCode.a(CyLFClk.o)
 .text.CySysWdtGetMatch
                0x00000000       0x20 .\CortexM0\ARM_GCC_493\Debug\PrimaryBoardCode.a(CyLFClk.o)
 .text.CySysWdtGetCount
                0x00000000       0x3c .\CortexM0\ARM_GCC_493\Debug\PrimaryBoardCode.a(CyLFClk.o)
 .text.CySysClkLfclkPosedgeCatch
                0x00000000       0x74 .\CortexM0\ARM_GCC_493\Debug\PrimaryBoardCode.a(CyLFClk.o)
 .text.CySysClkIloStop
                0x00000000       0x4c .\CortexM0\ARM_GCC_493\Debug\PrimaryBoardCode.a(CyLFClk.o)
 .text.CySysClkSetLfclkSource
                0x00000000       0x38 .\CortexM0\ARM_GCC_493\Debug\PrimaryBoardCode.a(CyLFClk.o)
 .text.CySysClkWcoStop
                0x00000000       0x48 .\CortexM0\ARM_GCC_493\Debug\PrimaryBoardCode.a(CyLFClk.o)
 .text.CySysWdtGetInterruptSource
                0x00000000       0x14 .\CortexM0\ARM_GCC_493\Debug\PrimaryBoardCode.a(CyLFClk.o)
 .text.CySysWdtResetCounters
                0x00000000       0x20 .\CortexM0\ARM_GCC_493\Debug\PrimaryBoardCode.a(CyLFClk.o)
 .text.CySysWdtSetInterruptCallback
                0x00000000       0x20 .\CortexM0\ARM_GCC_493\Debug\PrimaryBoardCode.a(CyLFClk.o)
 .text.CySysWdtGetInterruptCallback
                0x00000000       0x20 .\CortexM0\ARM_GCC_493\Debug\PrimaryBoardCode.a(CyLFClk.o)
 .text.CySysWdtEnableCounterIsr
                0x00000000       0x34 .\CortexM0\ARM_GCC_493\Debug\PrimaryBoardCode.a(CyLFClk.o)
 .text.CySysWdtDisableCounterIsr
                0x00000000       0x28 .\CortexM0\ARM_GCC_493\Debug\PrimaryBoardCode.a(CyLFClk.o)
 .text.CySysTimerDelayUntilMatch
                0x00000000       0x6c .\CortexM0\ARM_GCC_493\Debug\PrimaryBoardCode.a(CyLFClk.o)
 .text.CySysTimerDelay
                0x00000000       0x3c .\CortexM0\ARM_GCC_493\Debug\PrimaryBoardCode.a(CyLFClk.o)
 .text.CySysWatchdogFeed
                0x00000000       0x60 .\CortexM0\ARM_GCC_493\Debug\PrimaryBoardCode.a(CyLFClk.o)
 .rodata        0x00000000        0xc .\CortexM0\ARM_GCC_493\Debug\PrimaryBoardCode.a(CyLFClk.o)
 .text          0x00000000        0x0 .\CortexM0\ARM_GCC_493\Debug\PrimaryBoardCode.a(LED1.o)
 .data          0x00000000        0x0 .\CortexM0\ARM_GCC_493\Debug\PrimaryBoardCode.a(LED1.o)
 .bss           0x00000000        0x0 .\CortexM0\ARM_GCC_493\Debug\PrimaryBoardCode.a(LED1.o)
 .text.LED1_SetDriveMode
                0x00000000       0x18 .\CortexM0\ARM_GCC_493\Debug\PrimaryBoardCode.a(LED1.o)
 .text.LED1_Read
                0x00000000       0x10 .\CortexM0\ARM_GCC_493\Debug\PrimaryBoardCode.a(LED1.o)
 .text.LED1_ReadDataReg
                0x00000000       0x10 .\CortexM0\ARM_GCC_493\Debug\PrimaryBoardCode.a(LED1.o)
 .text.LED1_ClearInterrupt
                0x00000000       0x14 .\CortexM0\ARM_GCC_493\Debug\PrimaryBoardCode.a(LED1.o)
 .text          0x00000000        0x0 .\CortexM0\ARM_GCC_493\Debug\PrimaryBoardCode.a(LED2.o)
 .data          0x00000000        0x0 .\CortexM0\ARM_GCC_493\Debug\PrimaryBoardCode.a(LED2.o)
 .bss           0x00000000        0x0 .\CortexM0\ARM_GCC_493\Debug\PrimaryBoardCode.a(LED2.o)
 .text.LED2_SetDriveMode
                0x00000000       0x14 .\CortexM0\ARM_GCC_493\Debug\PrimaryBoardCode.a(LED2.o)
 .text.LED2_Read
                0x00000000       0x10 .\CortexM0\ARM_GCC_493\Debug\PrimaryBoardCode.a(LED2.o)
 .text.LED2_ReadDataReg
                0x00000000       0x10 .\CortexM0\ARM_GCC_493\Debug\PrimaryBoardCode.a(LED2.o)
 .text.LED2_ClearInterrupt
                0x00000000       0x10 .\CortexM0\ARM_GCC_493\Debug\PrimaryBoardCode.a(LED2.o)
 .text          0x00000000        0x0 .\CortexM0\ARM_GCC_493\Debug\PrimaryBoardCode.a(LED3.o)
 .data          0x00000000        0x0 .\CortexM0\ARM_GCC_493\Debug\PrimaryBoardCode.a(LED3.o)
 .bss           0x00000000        0x0 .\CortexM0\ARM_GCC_493\Debug\PrimaryBoardCode.a(LED3.o)
 .text.LED3_SetDriveMode
                0x00000000       0x14 .\CortexM0\ARM_GCC_493\Debug\PrimaryBoardCode.a(LED3.o)
 .text.LED3_Read
                0x00000000       0x10 .\CortexM0\ARM_GCC_493\Debug\PrimaryBoardCode.a(LED3.o)
 .text.LED3_ReadDataReg
                0x00000000       0x10 .\CortexM0\ARM_GCC_493\Debug\PrimaryBoardCode.a(LED3.o)
 .text.LED3_ClearInterrupt
                0x00000000       0x10 .\CortexM0\ARM_GCC_493\Debug\PrimaryBoardCode.a(LED3.o)
 .text          0x00000000        0x0 .\CortexM0\ARM_GCC_493\Debug\PrimaryBoardCode.a(MOSFET1.o)
 .data          0x00000000        0x0 .\CortexM0\ARM_GCC_493\Debug\PrimaryBoardCode.a(MOSFET1.o)
 .bss           0x00000000        0x0 .\CortexM0\ARM_GCC_493\Debug\PrimaryBoardCode.a(MOSFET1.o)
 .text.MOSFET1_SetDriveMode
                0x00000000       0x18 .\CortexM0\ARM_GCC_493\Debug\PrimaryBoardCode.a(MOSFET1.o)
 .text.MOSFET1_Read
                0x00000000       0x10 .\CortexM0\ARM_GCC_493\Debug\PrimaryBoardCode.a(MOSFET1.o)
 .text.MOSFET1_ReadDataReg
                0x00000000       0x10 .\CortexM0\ARM_GCC_493\Debug\PrimaryBoardCode.a(MOSFET1.o)
 .text.MOSFET1_ClearInterrupt
                0x00000000       0x14 .\CortexM0\ARM_GCC_493\Debug\PrimaryBoardCode.a(MOSFET1.o)
 .data          0x00000000        0x0 .\CortexM0\ARM_GCC_493\Debug\PrimaryBoardCode.a(CyBootAsmGnu.o)
 .bss           0x00000000        0x0 .\CortexM0\ARM_GCC_493\Debug\PrimaryBoardCode.a(CyBootAsmGnu.o)
 .text          0x00000000      0x120 c:/program files (x86)/cypress/psoc creator/4.0/psoc creator/import/gnu/arm/4.9.3/bin/../lib/gcc/arm-none-eabi/4.9.3/armv6-m\libgcc.a(_udivsi3.o)
 .data          0x00000000        0x0 c:/program files (x86)/cypress/psoc creator/4.0/psoc creator/import/gnu/arm/4.9.3/bin/../lib/gcc/arm-none-eabi/4.9.3/armv6-m\libgcc.a(_udivsi3.o)
 .bss           0x00000000        0x0 c:/program files (x86)/cypress/psoc creator/4.0/psoc creator/import/gnu/arm/4.9.3/bin/../lib/gcc/arm-none-eabi/4.9.3/armv6-m\libgcc.a(_udivsi3.o)
 .text          0x00000000        0x4 c:/program files (x86)/cypress/psoc creator/4.0/psoc creator/import/gnu/arm/4.9.3/bin/../lib/gcc/arm-none-eabi/4.9.3/armv6-m\libgcc.a(_dvmd_tls.o)
 .data          0x00000000        0x0 c:/program files (x86)/cypress/psoc creator/4.0/psoc creator/import/gnu/arm/4.9.3/bin/../lib/gcc/arm-none-eabi/4.9.3/armv6-m\libgcc.a(_dvmd_tls.o)
 .bss           0x00000000        0x0 c:/program files (x86)/cypress/psoc creator/4.0/psoc creator/import/gnu/arm/4.9.3/bin/../lib/gcc/arm-none-eabi/4.9.3/armv6-m\libgcc.a(_dvmd_tls.o)
 .text          0x00000000        0x0 c:/program files (x86)/cypress/psoc creator/4.0/psoc creator/import/gnu/arm/4.9.3/bin/../lib/gcc/arm-none-eabi/4.9.3/../../../../arm-none-eabi/lib/armv6-m\libg_nano.a(lib_a-errno.o)
 .data          0x00000000        0x0 c:/program files (x86)/cypress/psoc creator/4.0/psoc creator/import/gnu/arm/4.9.3/bin/../lib/gcc/arm-none-eabi/4.9.3/../../../../arm-none-eabi/lib/armv6-m\libg_nano.a(lib_a-errno.o)
 .bss           0x00000000        0x0 c:/program files (x86)/cypress/psoc creator/4.0/psoc creator/import/gnu/arm/4.9.3/bin/../lib/gcc/arm-none-eabi/4.9.3/../../../../arm-none-eabi/lib/armv6-m\libg_nano.a(lib_a-errno.o)
 .text.__errno  0x00000000        0xc c:/program files (x86)/cypress/psoc creator/4.0/psoc creator/import/gnu/arm/4.9.3/bin/../lib/gcc/arm-none-eabi/4.9.3/../../../../arm-none-eabi/lib/armv6-m\libg_nano.a(lib_a-errno.o)
 .text          0x00000000        0x0 c:/program files (x86)/cypress/psoc creator/4.0/psoc creator/import/gnu/arm/4.9.3/bin/../lib/gcc/arm-none-eabi/4.9.3/../../../../arm-none-eabi/lib/armv6-m\libg_nano.a(lib_a-exit.o)
 .data          0x00000000        0x0 c:/program files (x86)/cypress/psoc creator/4.0/psoc creator/import/gnu/arm/4.9.3/bin/../lib/gcc/arm-none-eabi/4.9.3/../../../../arm-none-eabi/lib/armv6-m\libg_nano.a(lib_a-exit.o)
 .bss           0x00000000        0x0 c:/program files (x86)/cypress/psoc creator/4.0/psoc creator/import/gnu/arm/4.9.3/bin/../lib/gcc/arm-none-eabi/4.9.3/../../../../arm-none-eabi/lib/armv6-m\libg_nano.a(lib_a-exit.o)
 .text.exit     0x00000000       0x2c c:/program files (x86)/cypress/psoc creator/4.0/psoc creator/import/gnu/arm/4.9.3/bin/../lib/gcc/arm-none-eabi/4.9.3/../../../../arm-none-eabi/lib/armv6-m\libg_nano.a(lib_a-exit.o)
 .text          0x00000000        0x0 c:/program files (x86)/cypress/psoc creator/4.0/psoc creator/import/gnu/arm/4.9.3/bin/../lib/gcc/arm-none-eabi/4.9.3/../../../../arm-none-eabi/lib/armv6-m\libg_nano.a(lib_a-impure.o)
 .data          0x00000000        0x0 c:/program files (x86)/cypress/psoc creator/4.0/psoc creator/import/gnu/arm/4.9.3/bin/../lib/gcc/arm-none-eabi/4.9.3/../../../../arm-none-eabi/lib/armv6-m\libg_nano.a(lib_a-impure.o)
 .bss           0x00000000        0x0 c:/program files (x86)/cypress/psoc creator/4.0/psoc creator/import/gnu/arm/4.9.3/bin/../lib/gcc/arm-none-eabi/4.9.3/../../../../arm-none-eabi/lib/armv6-m\libg_nano.a(lib_a-impure.o)
 .data.impure_data
                0x00000000       0x60 c:/program files (x86)/cypress/psoc creator/4.0/psoc creator/import/gnu/arm/4.9.3/bin/../lib/gcc/arm-none-eabi/4.9.3/../../../../arm-none-eabi/lib/armv6-m\libg_nano.a(lib_a-impure.o)
 .data._impure_ptr
                0x00000000        0x4 c:/program files (x86)/cypress/psoc creator/4.0/psoc creator/import/gnu/arm/4.9.3/bin/../lib/gcc/arm-none-eabi/4.9.3/../../../../arm-none-eabi/lib/armv6-m\libg_nano.a(lib_a-impure.o)
 .rodata.str1.1
                0x00000000        0x2 c:/program files (x86)/cypress/psoc creator/4.0/psoc creator/import/gnu/arm/4.9.3/bin/../lib/gcc/arm-none-eabi/4.9.3/../../../../arm-none-eabi/lib/armv6-m\libg_nano.a(lib_a-impure.o)
 .rodata._global_impure_ptr
                0x00000000        0x4 c:/program files (x86)/cypress/psoc creator/4.0/psoc creator/import/gnu/arm/4.9.3/bin/../lib/gcc/arm-none-eabi/4.9.3/../../../../arm-none-eabi/lib/armv6-m\libg_nano.a(lib_a-impure.o)
 .text          0x00000000        0x0 c:/program files (x86)/cypress/psoc creator/4.0/psoc creator/import/gnu/arm/4.9.3/bin/../lib/gcc/arm-none-eabi/4.9.3/../../../../arm-none-eabi/lib/armv6-m\libg_nano.a(lib_a-init.o)
 .data          0x00000000        0x0 c:/program files (x86)/cypress/psoc creator/4.0/psoc creator/import/gnu/arm/4.9.3/bin/../lib/gcc/arm-none-eabi/4.9.3/../../../../arm-none-eabi/lib/armv6-m\libg_nano.a(lib_a-init.o)
 .bss           0x00000000        0x0 c:/program files (x86)/cypress/psoc creator/4.0/psoc creator/import/gnu/arm/4.9.3/bin/../lib/gcc/arm-none-eabi/4.9.3/../../../../arm-none-eabi/lib/armv6-m\libg_nano.a(lib_a-init.o)
 .text          0x00000000        0x0 c:/program files (x86)/cypress/psoc creator/4.0/psoc creator/import/gnu/arm/4.9.3/bin/../lib/gcc/arm-none-eabi/4.9.3/../../../../arm-none-eabi/lib/armv6-m\libg_nano.a(lib_a-memset.o)
 .data          0x00000000        0x0 c:/program files (x86)/cypress/psoc creator/4.0/psoc creator/import/gnu/arm/4.9.3/bin/../lib/gcc/arm-none-eabi/4.9.3/../../../../arm-none-eabi/lib/armv6-m\libg_nano.a(lib_a-memset.o)
 .bss           0x00000000        0x0 c:/program files (x86)/cypress/psoc creator/4.0/psoc creator/import/gnu/arm/4.9.3/bin/../lib/gcc/arm-none-eabi/4.9.3/../../../../arm-none-eabi/lib/armv6-m\libg_nano.a(lib_a-memset.o)
 .text          0x00000000        0x0 c:/program files (x86)/cypress/psoc creator/4.0/psoc creator/import/gnu/arm/4.9.3/bin/../lib/gcc/arm-none-eabi/4.9.3/armv6-m/crtend.o
 .data          0x00000000        0x0 c:/program files (x86)/cypress/psoc creator/4.0/psoc creator/import/gnu/arm/4.9.3/bin/../lib/gcc/arm-none-eabi/4.9.3/armv6-m/crtend.o
 .bss           0x00000000        0x0 c:/program files (x86)/cypress/psoc creator/4.0/psoc creator/import/gnu/arm/4.9.3/bin/../lib/gcc/arm-none-eabi/4.9.3/armv6-m/crtend.o
 .text          0x00000000        0x0 c:/program files (x86)/cypress/psoc creator/4.0/psoc creator/import/gnu/arm/4.9.3/bin/../lib/gcc/arm-none-eabi/4.9.3/armv6-m/crtn.o
 .data          0x00000000        0x0 c:/program files (x86)/cypress/psoc creator/4.0/psoc creator/import/gnu/arm/4.9.3/bin/../lib/gcc/arm-none-eabi/4.9.3/armv6-m/crtn.o
 .bss           0x00000000        0x0 c:/program files (x86)/cypress/psoc creator/4.0/psoc creator/import/gnu/arm/4.9.3/bin/../lib/gcc/arm-none-eabi/4.9.3/armv6-m/crtn.o

Memory Configuration

Name             Origin             Length             Attributes
rom              0x00000000         0x00020000         xr
ram              0x20000000         0x00004000         xrw
*default*        0x00000000         0xffffffff

Linker script and memory map

LOAD c:/program files (x86)/cypress/psoc creator/4.0/psoc creator/import/gnu/arm/4.9.3/bin/../lib/gcc/arm-none-eabi/4.9.3/armv6-m/crti.o
LOAD c:/program files (x86)/cypress/psoc creator/4.0/psoc creator/import/gnu/arm/4.9.3/bin/../lib/gcc/arm-none-eabi/4.9.3/armv6-m/crtbegin.o
LOAD c:/program files (x86)/cypress/psoc creator/4.0/psoc creator/import/gnu/arm/4.9.3/bin/../lib/gcc/arm-none-eabi/4.9.3/../../../../arm-none-eabi/lib/armv6-m/crt0.o
START GROUP
LOAD .\CortexM0\ARM_GCC_493\Debug\main.o
LOAD .\CortexM0\ARM_GCC_493\Debug\LEDFunctions.o
LOAD .\CortexM0\ARM_GCC_493\Debug\cymetadata.o
LOAD .\CortexM0\ARM_GCC_493\Debug\Cm0Start.o
LOAD .\CortexM0\ARM_GCC_493\Debug\PrimaryBoardCode.a
LOAD C:\Program Files (x86)\Cypress\PSoC Creator\4.0\PSoC Creator\psoc\content\cycomponentlibrary\CyComponentLibrary.cylib\CortexM0\ARM_GCC_493\Debug\CyComponentLibrary.a
END GROUP
START GROUP
LOAD c:/program files (x86)/cypress/psoc creator/4.0/psoc creator/import/gnu/arm/4.9.3/bin/../lib/gcc/arm-none-eabi/4.9.3/armv6-m\libgcc.a
LOAD c:/program files (x86)/cypress/psoc creator/4.0/psoc creator/import/gnu/arm/4.9.3/bin/../lib/gcc/arm-none-eabi/4.9.3/../../../../arm-none-eabi/lib/armv6-m\libg_nano.a
LOAD c:/program files (x86)/cypress/psoc creator/4.0/psoc creator/import/gnu/arm/4.9.3/bin/../lib/gcc/arm-none-eabi/4.9.3/../../../../arm-none-eabi/lib/armv6-m\libc_nano.a
END GROUP
START GROUP
LOAD c:/program files (x86)/cypress/psoc creator/4.0/psoc creator/import/gnu/arm/4.9.3/bin/../lib/gcc/arm-none-eabi/4.9.3/armv6-m\libgcc.a
LOAD c:/program files (x86)/cypress/psoc creator/4.0/psoc creator/import/gnu/arm/4.9.3/bin/../lib/gcc/arm-none-eabi/4.9.3/../../../../arm-none-eabi/lib/armv6-m\libc_nano.a
END GROUP
LOAD c:/program files (x86)/cypress/psoc creator/4.0/psoc creator/import/gnu/arm/4.9.3/bin/../lib/gcc/arm-none-eabi/4.9.3/armv6-m/crtend.o
LOAD c:/program files (x86)/cypress/psoc creator/4.0/psoc creator/import/gnu/arm/4.9.3/bin/../lib/gcc/arm-none-eabi/4.9.3/armv6-m/crtn.o
START GROUP
LOAD c:/program files (x86)/cypress/psoc creator/4.0/psoc creator/import/gnu/arm/4.9.3/bin/../lib/gcc/arm-none-eabi/4.9.3/armv6-m\libgcc.a
LOAD c:/program files (x86)/cypress/psoc creator/4.0/psoc creator/import/gnu/arm/4.9.3/bin/../lib/gcc/arm-none-eabi/4.9.3/../../../../arm-none-eabi/lib/armv6-m\libc.a
LOAD c:/program files (x86)/cypress/psoc creator/4.0/psoc creator/import/gnu/arm/4.9.3/bin/../lib/gcc/arm-none-eabi/4.9.3/../../../../arm-none-eabi/lib/armv6-m\libnosys.a
END GROUP
                0x00000000                CY_APPL_ORIGIN = 0x0
                0x00000080                CY_FLASH_ROW_SIZE = 0x80
                0x00000001                CY_APPL_NUM = 0x1
                0x00000040                CY_METADATA_SIZE = 0x40
                0x20000118                PROVIDE (__cy_heap_start, _end)
                0x00000001                PROVIDE (__cy_region_num, ((__cy_regions_end - __cy_regions) / 0x10))
                0x20004000                PROVIDE (__cy_stack, (ORIGIN (ram) + 0x4000))
                0x20003800                PROVIDE (__cy_heap_end, (__cy_stack - 0x800))

.cybootloader   0x00000000        0x0
 *(.cybootloader)
                0x00000000                appl1_start = CY_APPL_ORIGIN?CY_APPL_ORIGIN:ALIGN (CY_FLASH_ROW_SIZE)
                0x0000ff80                appl2_start = (appl1_start + ALIGN ((((0x20000 - appl1_start) - (0x2 * CY_FLASH_ROW_SIZE)) / 0x2), CY_FLASH_ROW_SIZE))
                0x00000000                appl_start = (CY_APPL_NUM == 0x1)?appl1_start:appl2_start

.text           0x00000000      0x7ac
 CREATE_OBJECT_SYMBOLS
                0x00000000                PROVIDE (__cy_interrupt_vector, RomVectors)
 *(.romvectors)
 .romvectors    0x00000000       0x10 .\CortexM0\ARM_GCC_493\Debug\Cm0Start.o
                0x00000000                RomVectors
                0x00000001                ASSERT ((. != __cy_interrupt_vector), No interrupt vector)
                0x00000001                ASSERT (CY_APPL_ORIGIN?(SIZEOF (.cybootloader) <= CY_APPL_ORIGIN):0x1, Wrong image location)
                0x00000010                PROVIDE (__cy_reset, Reset)
 *(.text.Reset)
 .text.Reset    0x00000010        0x8 .\CortexM0\ARM_GCC_493\Debug\Cm0Start.o
                0x00000010                Reset
                0x00000001                ASSERT ((. != __cy_reset), No reset code)
 *(.psocinit)
 .psocinit      0x00000018      0x18c .\CortexM0\ARM_GCC_493\Debug\PrimaryBoardCode.a(cyfitter_cfg.o)
                0x000000cc                cyfitter_cfg
                0x000001a4                . = MAX (., 0x100)
 *(.text .text.* .gnu.linkonce.t.*)
 .text          0x000001a4       0x60 c:/program files (x86)/cypress/psoc creator/4.0/psoc creator/import/gnu/arm/4.9.3/bin/../lib/gcc/arm-none-eabi/4.9.3/armv6-m/crtbegin.o
 .text.main     0x00000204       0x90 .\CortexM0\ARM_GCC_493\Debug\main.o
                0x00000204                main
 .text.IntDefaultHandler
                0x00000294        0x4 .\CortexM0\ARM_GCC_493\Debug\Cm0Start.o
                0x00000294                IntDefaultHandler
 .text.Start_c  0x00000298       0x48 .\CortexM0\ARM_GCC_493\Debug\Cm0Start.o
                0x00000298                Start_c
 .text.initialize_psoc
                0x000002e0       0x54 .\CortexM0\ARM_GCC_493\Debug\Cm0Start.o
                0x000002e0                initialize_psoc
 .text.AnalogSetDefault
                0x00000334       0x20 .\CortexM0\ARM_GCC_493\Debug\PrimaryBoardCode.a(cyfitter_cfg.o)
 .text.CYMEMZERO
                0x00000354        0xc .\CortexM0\ARM_GCC_493\Debug\PrimaryBoardCode.a(cyfitter_cfg.o)
 .text.Pin_Red_Write
                0x00000360       0x18 .\CortexM0\ARM_GCC_493\Debug\PrimaryBoardCode.a(Pin_Red.o)
                0x00000360                Pin_Red_Write
 .text.CySysClkWriteImoFreq
                0x00000378       0x64 .\CortexM0\ARM_GCC_493\Debug\PrimaryBoardCode.a(CyLib.o)
                0x00000378                CySysClkWriteImoFreq
 .text.CySysClkEcoReadStatus
                0x000003dc       0x10 .\CortexM0\ARM_GCC_493\Debug\PrimaryBoardCode.a(CyLib.o)
                0x000003dc                CySysClkEcoReadStatus
 .text.CyIntEnable
                0x000003ec       0x14 .\CortexM0\ARM_GCC_493\Debug\PrimaryBoardCode.a(CyLib.o)
                0x000003ec                CyIntEnable
 .text.CyHalt   0x00000400        0x4 .\CortexM0\ARM_GCC_493\Debug\PrimaryBoardCode.a(CyLib.o)
                0x00000400                CyHalt
 .text.CyIntSetVector
                0x00000404       0x24 .\CortexM0\ARM_GCC_493\Debug\PrimaryBoardCode.a(CyLib.o)
                0x00000404                CyIntSetVector
 .text.CyDelay  0x00000428       0x30 .\CortexM0\ARM_GCC_493\Debug\PrimaryBoardCode.a(CyLib.o)
                0x00000428                CyDelay
 .text.CyDelayUs
                0x00000458       0x14 .\CortexM0\ARM_GCC_493\Debug\PrimaryBoardCode.a(CyLib.o)
                0x00000458                CyDelayUs
 .text.CySysClkEcoStart
                0x0000046c       0x54 .\CortexM0\ARM_GCC_493\Debug\PrimaryBoardCode.a(CyLib.o)
                0x0000046c                CySysClkEcoStart
 .text.CySysWdtLocked
                0x000004c0       0x14 .\CortexM0\ARM_GCC_493\Debug\PrimaryBoardCode.a(CyLFClk.o)
 .text.CySysClkWcoStart
                0x000004d4       0x40 .\CortexM0\ARM_GCC_493\Debug\PrimaryBoardCode.a(CyLFClk.o)
                0x000004d4                CySysClkWcoStart
 .text.CySysClkWcoSetPowerMode
                0x00000514       0x80 .\CortexM0\ARM_GCC_493\Debug\PrimaryBoardCode.a(CyLFClk.o)
                0x00000514                CySysClkWcoSetPowerMode
 .text.CySysWdtLock
                0x00000594       0x1c .\CortexM0\ARM_GCC_493\Debug\PrimaryBoardCode.a(CyLFClk.o)
                0x00000594                CySysWdtLock
 .text.CySysWdtUnlock
                0x000005b0       0x30 .\CortexM0\ARM_GCC_493\Debug\PrimaryBoardCode.a(CyLFClk.o)
                0x000005b0                CySysWdtUnlock
 .text.CySysWdtClearInterrupt
                0x000005e0       0x4c .\CortexM0\ARM_GCC_493\Debug\PrimaryBoardCode.a(CyLFClk.o)
                0x000005e0                CySysWdtClearInterrupt
 .text.CySysWdtIsr
                0x0000062c       0xa4 .\CortexM0\ARM_GCC_493\Debug\PrimaryBoardCode.a(CyLFClk.o)
                0x0000062c                CySysWdtIsr
 .text.LED1_Write
                0x000006d0       0x18 .\CortexM0\ARM_GCC_493\Debug\PrimaryBoardCode.a(LED1.o)
                0x000006d0                LED1_Write
 .text.LED2_Write
                0x000006e8       0x18 .\CortexM0\ARM_GCC_493\Debug\PrimaryBoardCode.a(LED2.o)
                0x000006e8                LED2_Write
 .text.LED3_Write
                0x00000700       0x18 .\CortexM0\ARM_GCC_493\Debug\PrimaryBoardCode.a(LED3.o)
                0x00000700                LED3_Write
 .text.MOSFET1_Write
                0x00000718       0x18 .\CortexM0\ARM_GCC_493\Debug\PrimaryBoardCode.a(MOSFET1.o)
                0x00000718                MOSFET1_Write
 .text          0x00000730       0x20 .\CortexM0\ARM_GCC_493\Debug\PrimaryBoardCode.a(CyBootAsmGnu.o)
                0x00000730                CyDelayCycles
                0x00000742                CyEnterCriticalSection
                0x0000074a                CyExitCriticalSection
 .text.__libc_init_array
                0x00000750       0x4c c:/program files (x86)/cypress/psoc creator/4.0/psoc creator/import/gnu/arm/4.9.3/bin/../lib/gcc/arm-none-eabi/4.9.3/../../../../arm-none-eabi/lib/armv6-m\libg_nano.a(lib_a-init.o)
                0x00000750                __libc_init_array
 .text.memset   0x0000079c       0x10 c:/program files (x86)/cypress/psoc creator/4.0/psoc creator/import/gnu/arm/4.9.3/bin/../lib/gcc/arm-none-eabi/4.9.3/../../../../arm-none-eabi/lib/armv6-m\libg_nano.a(lib_a-memset.o)
                0x0000079c                memset
 *(.plt)
 *(.gnu.warning)
 *(.glue_7t)
 .glue_7t       0x00000000        0x0 linker stubs
 *(.glue_7)
 .glue_7        0x00000000        0x0 linker stubs
 *(.vfp11_veneer)
 .vfp11_veneer  0x00000000        0x0 linker stubs
 *(.bootloader)
 *(.ARM.extab* .gnu.linkonce.armextab.*)
 *(.gcc_except_table)

.v4_bx          0x000007ac        0x0
 .v4_bx         0x00000000        0x0 linker stubs

.iplt           0x000007ac        0x0
 .iplt          0x00000000        0x0 c:/program files (x86)/cypress/psoc creator/4.0/psoc creator/import/gnu/arm/4.9.3/bin/../lib/gcc/arm-none-eabi/4.9.3/armv6-m/crtbegin.o

.eh_frame_hdr
 *(.eh_frame_hdr)

.eh_frame       0x000007ac        0x4
 *(.eh_frame)
 .eh_frame      0x000007ac        0x0 c:/program files (x86)/cypress/psoc creator/4.0/psoc creator/import/gnu/arm/4.9.3/bin/../lib/gcc/arm-none-eabi/4.9.3/armv6-m/crtbegin.o
 .eh_frame      0x000007ac        0x4 c:/program files (x86)/cypress/psoc creator/4.0/psoc creator/import/gnu/arm/4.9.3/bin/../lib/gcc/arm-none-eabi/4.9.3/armv6-m/crtend.o
                0x000007b0                PROVIDE (__exidx_start, .)

.ARM.exidx
 *(.ARM.exidx* .gnu.linkonce.armexidx.*)
                0x000007b0                __exidx_end = .

.rodata         0x000007b0       0x70
 *(.rodata .rodata.* .gnu.linkonce.r.*)
 .rodata        0x000007b0        0xc .\CortexM0\ARM_GCC_493\Debug\PrimaryBoardCode.a(cyfitter_cfg.o)
 .rodata        0x000007bc       0x30 .\CortexM0\ARM_GCC_493\Debug\PrimaryBoardCode.a(CyLib.o)
                0x000007bc                cyImoFreqMhz2Reg
                0x000007ec                . = ALIGN (0x4)
 *(.init)
 .init          0x000007ec        0x4 c:/program files (x86)/cypress/psoc creator/4.0/psoc creator/import/gnu/arm/4.9.3/bin/../lib/gcc/arm-none-eabi/4.9.3/armv6-m/crti.o
                0x000007ec                _init
 .init          0x000007f0        0x8 c:/program files (x86)/cypress/psoc creator/4.0/psoc creator/import/gnu/arm/4.9.3/bin/../lib/gcc/arm-none-eabi/4.9.3/armv6-m/crtn.o
                0x000007f8                . = ALIGN (0x4)
                0x000007f8                __preinit_array_start = .
 *(.preinit_array)
                0x000007f8                __preinit_array_end = .
                0x000007f8                . = ALIGN (0x4)
                0x000007f8                __init_array_start = .
 *(SORT(.init_array.*))
 *(.init_array)
 .init_array    0x000007f8        0x4 c:/program files (x86)/cypress/psoc creator/4.0/psoc creator/import/gnu/arm/4.9.3/bin/../lib/gcc/arm-none-eabi/4.9.3/armv6-m/crtbegin.o
 .init_array    0x000007fc        0x4 .\CortexM0\ARM_GCC_493\Debug\Cm0Start.o
                0x00000800                __init_array_end = .
                0x00000800                . = ALIGN (0x4)
 *(.fini)
 .fini          0x00000800        0x4 c:/program files (x86)/cypress/psoc creator/4.0/psoc creator/import/gnu/arm/4.9.3/bin/../lib/gcc/arm-none-eabi/4.9.3/armv6-m/crti.o
                0x00000800                _fini
 .fini          0x00000804        0x8 c:/program files (x86)/cypress/psoc creator/4.0/psoc creator/import/gnu/arm/4.9.3/bin/../lib/gcc/arm-none-eabi/4.9.3/armv6-m/crtn.o
                0x0000080c                . = ALIGN (0x4)
                0x0000080c                __fini_array_start = .
 *(.fini_array)
 .fini_array    0x0000080c        0x4 c:/program files (x86)/cypress/psoc creator/4.0/psoc creator/import/gnu/arm/4.9.3/bin/../lib/gcc/arm-none-eabi/4.9.3/armv6-m/crtbegin.o
 *(SORT(.fini_array.*))
                0x00000810                __fini_array_end = .
                0x00000810                . = ALIGN (0x4)
 *crtbegin.o(.ctors)
 *(EXCLUDE_FILE(*crtend.o) .ctors)
 *(SORT(.ctors.*))
 *crtend.o(.ctors)
                0x00000810                . = ALIGN (0x4)
 *crtbegin.o(.dtors)
 *(EXCLUDE_FILE(*crtend.o) .dtors)
 *(SORT(.dtors.*))
 *crtend.o(.dtors)
                0x00000810                . = ALIGN (0x4)
                0x00000810                __cy_regions = .
                0x00000810        0x4 LONG 0x820 __cy_region_init_ram
                0x00000814        0x4 LONG 0x200000c8 __cy_region_start_data
                0x00000818        0x4 LONG 0x18 __cy_region_init_size_ram
                0x0000081c        0x4 LONG 0x38 __cy_region_zero_size_ram
                0x00000820                __cy_regions_end = .
                0x00000820                . = ALIGN (0x8)
                0x00000820                _etext = .

.ramvectors     0x20000000       0xc0
                0x20000000                __cy_region_start_ram = .
 *(.ramvectors)
 .ramvectors    0x20000000       0xc0 .\CortexM0\ARM_GCC_493\Debug\Cm0Start.o
                0x20000000                CyRamVectors

.noinit         0x200000c0        0x4
 *(.noinit)
 .noinit        0x200000c0        0x4 .\CortexM0\ARM_GCC_493\Debug\Cm0Start.o

.data           0x200000c8       0x18 load address 0x00000820
                0x200000c8                __cy_region_start_data = .
 *(.jcr)
 .jcr           0x200000c8        0x0 c:/program files (x86)/cypress/psoc creator/4.0/psoc creator/import/gnu/arm/4.9.3/bin/../lib/gcc/arm-none-eabi/4.9.3/armv6-m/crtbegin.o
 .jcr           0x200000c8        0x4 c:/program files (x86)/cypress/psoc creator/4.0/psoc creator/import/gnu/arm/4.9.3/bin/../lib/gcc/arm-none-eabi/4.9.3/armv6-m/crtend.o
 *(.got.plt)
 *(.got)
 *(.shdata)
 *(.data .data.* .gnu.linkonce.d.*)
 .data          0x200000cc       0x10 .\CortexM0\ARM_GCC_493\Debug\PrimaryBoardCode.a(CyLib.o)
                0x200000cc                cydelay32kMs
                0x200000d0                cydelayFreqKhz
                0x200000d4                cydelayFreqMhz
                0x200000d8                cydelayFreqHz
 .data          0x200000dc        0x4 .\CortexM0\ARM_GCC_493\Debug\PrimaryBoardCode.a(CyLFClk.o)
                0x200000e0                . = ALIGN (0x8)
 *(.ram)
                0x200000e0                _edata = .

.igot.plt       0x200000e0        0x0 load address 0x00000838
 .igot.plt      0x00000000        0x0 c:/program files (x86)/cypress/psoc creator/4.0/psoc creator/import/gnu/arm/4.9.3/bin/../lib/gcc/arm-none-eabi/4.9.3/armv6-m/crtbegin.o

.bss            0x200000e0       0x38 load address 0x00000838
                0x200000e0                PROVIDE (__bss_start__, .)
 *(.shbss)
 *(.bss .bss.* .gnu.linkonce.b.*)
 .bss           0x200000e0       0x1c c:/program files (x86)/cypress/psoc creator/4.0/psoc creator/import/gnu/arm/4.9.3/bin/../lib/gcc/arm-none-eabi/4.9.3/armv6-m/crtbegin.o
 .bss           0x200000fc       0x1c .\CortexM0\ARM_GCC_493\Debug\PrimaryBoardCode.a(CyLFClk.o)
 *(COMMON)
                0x20000118                . = ALIGN (0x8)
 *(.ram.b)
                0x20000118                _end = .
                0x20000118                __end = .
                0x20000118                PROVIDE (end, .)
                0x20000118                PROVIDE (__bss_end__, .)
                0x00000820                __cy_region_init_ram = LOADADDR (.data)
                0x00000018                __cy_region_init_size_ram = (_edata - ADDR (.data))
                0x00000038                __cy_region_zero_size_ram = (_end - _edata)

.heap           0x20000118       0x80 load address 0x00000838
                0x20000118                . = _end
                0x20000198                . = (. + 0x80)
 *fill*         0x20000118       0x80 
                0x20000198                __cy_heap_limit = .

.stack          0x20003800      0x800
                0x20003800                __cy_stack_limit = .
                0x20004000                . = (. + 0x800)
 *fill*         0x20003800      0x800 
                0x00000001                ASSERT ((__cy_stack_limit >= __cy_heap_limit), region RAM overflowed with stack)

.cyloadermeta
 *(.cyloadermeta)

.cyloadablemeta
 *(.cyloadablemeta)

.cyflashprotect
                0x90400000       0x80
 *(.cyflashprotect)
 .cyflashprotect
                0x90400000       0x80 .\CortexM0\ARM_GCC_493\Debug\cymetadata.o
                0x90400000                cy_meta_flashprotect

.cymeta         0x90500000        0xc
 *(.cymeta)
 .cymeta        0x90500000        0xc .\CortexM0\ARM_GCC_493\Debug\cymetadata.o
                0x90500000                cy_metadata

.cychipprotect  0x90600000        0x4
 *(.cychipprotect)
 .cychipprotect
                0x90600000        0x4 .\CortexM0\ARM_GCC_493\Debug\cymetadata.o
                0x90600000                cy_meta_chipprotect

.rel.dyn        0x00000838        0x0 load address 0x90600004
 .rel.iplt      0x00000000        0x0 c:/program files (x86)/cypress/psoc creator/4.0/psoc creator/import/gnu/arm/4.9.3/bin/../lib/gcc/arm-none-eabi/4.9.3/armv6-m/crtbegin.o

.stab
 *(.stab)

.stabstr
 *(.stabstr)

.debug
 *(.debug)

.line
 *(.line)

.debug_srcinfo
 *(.debug_srcinfo)

.debug_sfnames
 *(.debug_sfnames)

.debug_aranges  0x00000000      0x528
 *(.debug_aranges)
 .debug_aranges
                0x00000000       0x20 .\CortexM0\ARM_GCC_493\Debug\main.o
 .debug_aranges
                0x00000020       0x28 .\CortexM0\ARM_GCC_493\Debug\LEDFunctions.o
 .debug_aranges
                0x00000048       0x18 .\CortexM0\ARM_GCC_493\Debug\cymetadata.o
 .debug_aranges
                0x00000060       0x48 .\CortexM0\ARM_GCC_493\Debug\Cm0Start.o
 .debug_aranges
                0x000000a8       0x38 .\CortexM0\ARM_GCC_493\Debug\PrimaryBoardCode.a(cyfitter_cfg.o)
 .debug_aranges
                0x000000e0       0x40 .\CortexM0\ARM_GCC_493\Debug\PrimaryBoardCode.a(Pin_Red.o)
 .debug_aranges
                0x00000120      0x198 .\CortexM0\ARM_GCC_493\Debug\PrimaryBoardCode.a(CyLib.o)
 .debug_aranges
                0x000002b8      0x150 .\CortexM0\ARM_GCC_493\Debug\PrimaryBoardCode.a(CyLFClk.o)
 .debug_aranges
                0x00000408       0x40 .\CortexM0\ARM_GCC_493\Debug\PrimaryBoardCode.a(LED1.o)
 .debug_aranges
                0x00000448       0x40 .\CortexM0\ARM_GCC_493\Debug\PrimaryBoardCode.a(LED2.o)
 .debug_aranges
                0x00000488       0x40 .\CortexM0\ARM_GCC_493\Debug\PrimaryBoardCode.a(LED3.o)
 .debug_aranges
                0x000004c8       0x40 .\CortexM0\ARM_GCC_493\Debug\PrimaryBoardCode.a(MOSFET1.o)
 .debug_aranges
                0x00000508       0x20 .\CortexM0\ARM_GCC_493\Debug\PrimaryBoardCode.a(CyBootAsmGnu.o)

.debug_pubnames
 *(.debug_pubnames)

.debug_info     0x00000000     0x2b8a
 *(.debug_info .gnu.linkonce.wi.*)
 .debug_info    0x00000000      0x2c1 .\CortexM0\ARM_GCC_493\Debug\main.o
 .debug_info    0x000002c1       0xcd .\CortexM0\ARM_GCC_493\Debug\LEDFunctions.o
 .debug_info    0x0000038e       0xfd .\CortexM0\ARM_GCC_493\Debug\cymetadata.o
 .debug_info    0x0000048b      0x38a .\CortexM0\ARM_GCC_493\Debug\Cm0Start.o
 .debug_info    0x00000815      0x36e .\CortexM0\ARM_GCC_493\Debug\PrimaryBoardCode.a(cyfitter_cfg.o)
 .debug_info    0x00000b83      0x150 .\CortexM0\ARM_GCC_493\Debug\PrimaryBoardCode.a(Pin_Red.o)
 .debug_info    0x00000cd3      0xb1c .\CortexM0\ARM_GCC_493\Debug\PrimaryBoardCode.a(CyLib.o)
 .debug_info    0x000017ef      0xdba .\CortexM0\ARM_GCC_493\Debug\PrimaryBoardCode.a(CyLFClk.o)
 .debug_info    0x000025a9      0x150 .\CortexM0\ARM_GCC_493\Debug\PrimaryBoardCode.a(LED1.o)
 .debug_info    0x000026f9      0x14e .\CortexM0\ARM_GCC_493\Debug\PrimaryBoardCode.a(LED2.o)
 .debug_info    0x00002847      0x14e .\CortexM0\ARM_GCC_493\Debug\PrimaryBoardCode.a(LED3.o)
 .debug_info    0x00002995      0x150 .\CortexM0\ARM_GCC_493\Debug\PrimaryBoardCode.a(MOSFET1.o)
 .debug_info    0x00002ae5       0xa5 .\CortexM0\ARM_GCC_493\Debug\PrimaryBoardCode.a(CyBootAsmGnu.o)

.debug_abbrev   0x00000000      0xd63
 *(.debug_abbrev)
 .debug_abbrev  0x00000000       0xa0 .\CortexM0\ARM_GCC_493\Debug\main.o
 .debug_abbrev  0x000000a0       0x76 .\CortexM0\ARM_GCC_493\Debug\LEDFunctions.o
 .debug_abbrev  0x00000116       0x5d .\CortexM0\ARM_GCC_493\Debug\cymetadata.o
 .debug_abbrev  0x00000173      0x1fe .\CortexM0\ARM_GCC_493\Debug\Cm0Start.o
 .debug_abbrev  0x00000371      0x1b3 .\CortexM0\ARM_GCC_493\Debug\PrimaryBoardCode.a(cyfitter_cfg.o)
 .debug_abbrev  0x00000524       0xb7 .\CortexM0\ARM_GCC_493\Debug\PrimaryBoardCode.a(Pin_Red.o)
 .debug_abbrev  0x000005db      0x20d .\CortexM0\ARM_GCC_493\Debug\PrimaryBoardCode.a(CyLib.o)
 .debug_abbrev  0x000007e8      0x26d .\CortexM0\ARM_GCC_493\Debug\PrimaryBoardCode.a(CyLFClk.o)
 .debug_abbrev  0x00000a55       0xb7 .\CortexM0\ARM_GCC_493\Debug\PrimaryBoardCode.a(LED1.o)
 .debug_abbrev  0x00000b0c       0xc6 .\CortexM0\ARM_GCC_493\Debug\PrimaryBoardCode.a(LED2.o)
 .debug_abbrev  0x00000bd2       0xc6 .\CortexM0\ARM_GCC_493\Debug\PrimaryBoardCode.a(LED3.o)
 .debug_abbrev  0x00000c98       0xb7 .\CortexM0\ARM_GCC_493\Debug\PrimaryBoardCode.a(MOSFET1.o)
 .debug_abbrev  0x00000d4f       0x14 .\CortexM0\ARM_GCC_493\Debug\PrimaryBoardCode.a(CyBootAsmGnu.o)

.debug_line     0x00000000     0x1253
 *(.debug_line)
 .debug_line    0x00000000      0x10f .\CortexM0\ARM_GCC_493\Debug\main.o
 .debug_line    0x0000010f       0x4f .\CortexM0\ARM_GCC_493\Debug\LEDFunctions.o
 .debug_line    0x0000015e       0x51 .\CortexM0\ARM_GCC_493\Debug\cymetadata.o
 .debug_line    0x000001af      0x245 .\CortexM0\ARM_GCC_493\Debug\Cm0Start.o
 .debug_line    0x000003f4      0x15f .\CortexM0\ARM_GCC_493\Debug\PrimaryBoardCode.a(cyfitter_cfg.o)
 .debug_line    0x00000553       0xab .\CortexM0\ARM_GCC_493\Debug\PrimaryBoardCode.a(Pin_Red.o)
 .debug_line    0x000005fe      0x481 .\CortexM0\ARM_GCC_493\Debug\PrimaryBoardCode.a(CyLib.o)
 .debug_line    0x00000a7f      0x4cd .\CortexM0\ARM_GCC_493\Debug\PrimaryBoardCode.a(CyLFClk.o)
 .debug_line    0x00000f4c       0xa8 .\CortexM0\ARM_GCC_493\Debug\PrimaryBoardCode.a(LED1.o)
 .debug_line    0x00000ff4       0xa7 .\CortexM0\ARM_GCC_493\Debug\PrimaryBoardCode.a(LED2.o)
 .debug_line    0x0000109b       0xa7 .\CortexM0\ARM_GCC_493\Debug\PrimaryBoardCode.a(LED3.o)
 .debug_line    0x00001142       0xab .\CortexM0\ARM_GCC_493\Debug\PrimaryBoardCode.a(MOSFET1.o)
 .debug_line    0x000011ed       0x66 .\CortexM0\ARM_GCC_493\Debug\PrimaryBoardCode.a(CyBootAsmGnu.o)

.debug_frame    0x00000000      0xc20
 *(.debug_frame)
 .debug_frame   0x00000000       0x2c .\CortexM0\ARM_GCC_493\Debug\main.o
 .debug_frame   0x0000002c       0x30 .\CortexM0\ARM_GCC_493\Debug\LEDFunctions.o
 .debug_frame   0x0000005c       0xb0 .\CortexM0\ARM_GCC_493\Debug\Cm0Start.o
 .debug_frame   0x0000010c       0x78 .\CortexM0\ARM_GCC_493\Debug\PrimaryBoardCode.a(cyfitter_cfg.o)
 .debug_frame   0x00000184       0x60 .\CortexM0\ARM_GCC_493\Debug\PrimaryBoardCode.a(Pin_Red.o)
 .debug_frame   0x000001e4      0x408 .\CortexM0\ARM_GCC_493\Debug\PrimaryBoardCode.a(CyLib.o)
 .debug_frame   0x000005ec      0x400 .\CortexM0\ARM_GCC_493\Debug\PrimaryBoardCode.a(CyLFClk.o)
 .debug_frame   0x000009ec       0x60 .\CortexM0\ARM_GCC_493\Debug\PrimaryBoardCode.a(LED1.o)
 .debug_frame   0x00000a4c       0x60 .\CortexM0\ARM_GCC_493\Debug\PrimaryBoardCode.a(LED2.o)
 .debug_frame   0x00000aac       0x60 .\CortexM0\ARM_GCC_493\Debug\PrimaryBoardCode.a(LED3.o)
 .debug_frame   0x00000b0c       0x60 .\CortexM0\ARM_GCC_493\Debug\PrimaryBoardCode.a(MOSFET1.o)
 .debug_frame   0x00000b6c       0x20 c:/program files (x86)/cypress/psoc creator/4.0/psoc creator/import/gnu/arm/4.9.3/bin/../lib/gcc/arm-none-eabi/4.9.3/armv6-m\libgcc.a(_udivsi3.o)
 .debug_frame   0x00000b8c       0x20 c:/program files (x86)/cypress/psoc creator/4.0/psoc creator/import/gnu/arm/4.9.3/bin/../lib/gcc/arm-none-eabi/4.9.3/../../../../arm-none-eabi/lib/armv6-m\libg_nano.a(lib_a-errno.o)
 .debug_frame   0x00000bac       0x28 c:/program files (x86)/cypress/psoc creator/4.0/psoc creator/import/gnu/arm/4.9.3/bin/../lib/gcc/arm-none-eabi/4.9.3/../../../../arm-none-eabi/lib/armv6-m\libg_nano.a(lib_a-exit.o)
 .debug_frame   0x00000bd4       0x2c c:/program files (x86)/cypress/psoc creator/4.0/psoc creator/import/gnu/arm/4.9.3/bin/../lib/gcc/arm-none-eabi/4.9.3/../../../../arm-none-eabi/lib/armv6-m\libg_nano.a(lib_a-init.o)
 .debug_frame   0x00000c00       0x20 c:/program files (x86)/cypress/psoc creator/4.0/psoc creator/import/gnu/arm/4.9.3/bin/../lib/gcc/arm-none-eabi/4.9.3/../../../../arm-none-eabi/lib/armv6-m\libg_nano.a(lib_a-memset.o)

.debug_str      0x00000000     0x103b
 *(.debug_str)
 .debug_str     0x00000000      0x1a9 .\CortexM0\ARM_GCC_493\Debug\main.o
                                0x1e2 (size before relaxing)
 .debug_str     0x000001a9       0x2e .\CortexM0\ARM_GCC_493\Debug\LEDFunctions.o
                                0x1b2 (size before relaxing)
 .debug_str     0x000001d7       0x59 .\CortexM0\ARM_GCC_493\Debug\cymetadata.o
                                0x1e3 (size before relaxing)
 .debug_str     0x00000230      0x15a .\CortexM0\ARM_GCC_493\Debug\Cm0Start.o
                                0x30a (size before relaxing)
 .debug_str     0x0000038a      0x107 .\CortexM0\ARM_GCC_493\Debug\PrimaryBoardCode.a(cyfitter_cfg.o)
                                0x2cc (size before relaxing)
 .debug_str     0x00000491       0x8c .\CortexM0\ARM_GCC_493\Debug\PrimaryBoardCode.a(Pin_Red.o)
                                0x228 (size before relaxing)
 .debug_str     0x0000051d      0x489 .\CortexM0\ARM_GCC_493\Debug\PrimaryBoardCode.a(CyLib.o)
                                0x6bf (size before relaxing)
 .debug_str     0x000009a6      0x50a .\CortexM0\ARM_GCC_493\Debug\PrimaryBoardCode.a(CyLFClk.o)
                                0x733 (size before relaxing)
 .debug_str     0x00000eb0       0x5f .\CortexM0\ARM_GCC_493\Debug\PrimaryBoardCode.a(LED1.o)
                                0x216 (size before relaxing)
 .debug_str     0x00000f0f       0x5f .\CortexM0\ARM_GCC_493\Debug\PrimaryBoardCode.a(LED2.o)
                                0x216 (size before relaxing)
 .debug_str     0x00000f6e       0x5f .\CortexM0\ARM_GCC_493\Debug\PrimaryBoardCode.a(LED3.o)
                                0x216 (size before relaxing)
 .debug_str     0x00000fcd       0x6e .\CortexM0\ARM_GCC_493\Debug\PrimaryBoardCode.a(MOSFET1.o)
                                0x228 (size before relaxing)

.debug_loc      0x00000000     0x11cc
 *(.debug_loc)
 .debug_loc     0x00000000      0x14f .\CortexM0\ARM_GCC_493\Debug\Cm0Start.o
 .debug_loc     0x0000014f       0xa9 .\CortexM0\ARM_GCC_493\Debug\PrimaryBoardCode.a(cyfitter_cfg.o)
 .debug_loc     0x000001f8       0x81 .\CortexM0\ARM_GCC_493\Debug\PrimaryBoardCode.a(Pin_Red.o)
 .debug_loc     0x00000279      0x4ef .\CortexM0\ARM_GCC_493\Debug\PrimaryBoardCode.a(CyLib.o)
 .debug_loc     0x00000768      0x8a2 .\CortexM0\ARM_GCC_493\Debug\PrimaryBoardCode.a(CyLFClk.o)
 .debug_loc     0x0000100a       0x81 .\CortexM0\ARM_GCC_493\Debug\PrimaryBoardCode.a(LED1.o)
 .debug_loc     0x0000108b       0x60 .\CortexM0\ARM_GCC_493\Debug\PrimaryBoardCode.a(LED2.o)
 .debug_loc     0x000010eb       0x60 .\CortexM0\ARM_GCC_493\Debug\PrimaryBoardCode.a(LED3.o)
 .debug_loc     0x0000114b       0x81 .\CortexM0\ARM_GCC_493\Debug\PrimaryBoardCode.a(MOSFET1.o)

.debug_macinfo
 *(.debug_macinfo)

.debug_ranges   0x00000000      0x440
 *(.debug_ranges)
 .debug_ranges  0x00000000       0x10 .\CortexM0\ARM_GCC_493\Debug\main.o
 .debug_ranges  0x00000010       0x18 .\CortexM0\ARM_GCC_493\Debug\LEDFunctions.o
 .debug_ranges  0x00000028       0x38 .\CortexM0\ARM_GCC_493\Debug\Cm0Start.o
 .debug_ranges  0x00000060       0x28 .\CortexM0\ARM_GCC_493\Debug\PrimaryBoardCode.a(cyfitter_cfg.o)
 .debug_ranges  0x00000088       0x30 .\CortexM0\ARM_GCC_493\Debug\PrimaryBoardCode.a(Pin_Red.o)
 .debug_ranges  0x000000b8      0x188 .\CortexM0\ARM_GCC_493\Debug\PrimaryBoardCode.a(CyLib.o)
 .debug_ranges  0x00000240      0x140 .\CortexM0\ARM_GCC_493\Debug\PrimaryBoardCode.a(CyLFClk.o)
 .debug_ranges  0x00000380       0x30 .\CortexM0\ARM_GCC_493\Debug\PrimaryBoardCode.a(LED1.o)
 .debug_ranges  0x000003b0       0x30 .\CortexM0\ARM_GCC_493\Debug\PrimaryBoardCode.a(LED2.o)
 .debug_ranges  0x000003e0       0x30 .\CortexM0\ARM_GCC_493\Debug\PrimaryBoardCode.a(LED3.o)
 .debug_ranges  0x00000410       0x30 .\CortexM0\ARM_GCC_493\Debug\PrimaryBoardCode.a(MOSFET1.o)

.comment        0x00000000       0x70
 .comment       0x00000000       0x70 .\CortexM0\ARM_GCC_493\Debug\main.o
                                 0x71 (size before relaxing)
 .comment       0x00000000       0x71 .\CortexM0\ARM_GCC_493\Debug\LEDFunctions.o
 .comment       0x00000000       0x71 .\CortexM0\ARM_GCC_493\Debug\cymetadata.o
 .comment       0x00000000       0x71 .\CortexM0\ARM_GCC_493\Debug\Cm0Start.o
 .comment       0x00000000       0x71 .\CortexM0\ARM_GCC_493\Debug\PrimaryBoardCode.a(cyfitter_cfg.o)
 .comment       0x00000000       0x71 .\CortexM0\ARM_GCC_493\Debug\PrimaryBoardCode.a(Pin_Red.o)
 .comment       0x00000000       0x71 .\CortexM0\ARM_GCC_493\Debug\PrimaryBoardCode.a(CyLib.o)
 .comment       0x00000000       0x71 .\CortexM0\ARM_GCC_493\Debug\PrimaryBoardCode.a(CyLFClk.o)
 .comment       0x00000000       0x71 .\CortexM0\ARM_GCC_493\Debug\PrimaryBoardCode.a(LED1.o)
 .comment       0x00000000       0x71 .\CortexM0\ARM_GCC_493\Debug\PrimaryBoardCode.a(LED2.o)
 .comment       0x00000000       0x71 .\CortexM0\ARM_GCC_493\Debug\PrimaryBoardCode.a(LED3.o)
 .comment       0x00000000       0x71 .\CortexM0\ARM_GCC_493\Debug\PrimaryBoardCode.a(MOSFET1.o)

.debug_weaknames
 *(.debug_weaknames)

.debug_funcnames
 *(.debug_funcnames)

.debug_typenames
 *(.debug_typenames)

.debug_varnames
 *(.debug_varnames)

.note.gnu.arm.ident
 *(.note.gnu.arm.ident)

.ARM.attributes
                0x00000000       0x28
 *(.ARM.attributes)
 .ARM.attributes
                0x00000000       0x1e c:/program files (x86)/cypress/psoc creator/4.0/psoc creator/import/gnu/arm/4.9.3/bin/../lib/gcc/arm-none-eabi/4.9.3/armv6-m/crti.o
 .ARM.attributes
                0x0000001e       0x2c c:/program files (x86)/cypress/psoc creator/4.0/psoc creator/import/gnu/arm/4.9.3/bin/../lib/gcc/arm-none-eabi/4.9.3/armv6-m/crtbegin.o
 .ARM.attributes
                0x0000004a       0x1b c:/program files (x86)/cypress/psoc creator/4.0/psoc creator/import/gnu/arm/4.9.3/bin/../lib/gcc/arm-none-eabi/4.9.3/../../../../arm-none-eabi/lib/armv6-m/crt0.o
 .ARM.attributes
                0x00000065       0x31 .\CortexM0\ARM_GCC_493\Debug\main.o
 .ARM.attributes
                0x00000096       0x31 .\CortexM0\ARM_GCC_493\Debug\LEDFunctions.o
 .ARM.attributes
                0x000000c7       0x31 .\CortexM0\ARM_GCC_493\Debug\cymetadata.o
 .ARM.attributes
                0x000000f8       0x31 .\CortexM0\ARM_GCC_493\Debug\Cm0Start.o
 .ARM.attributes
                0x00000129       0x31 .\CortexM0\ARM_GCC_493\Debug\PrimaryBoardCode.a(cyfitter_cfg.o)
 .ARM.attributes
                0x0000015a       0x31 .\CortexM0\ARM_GCC_493\Debug\PrimaryBoardCode.a(Pin_Red.o)
 .ARM.attributes
                0x0000018b       0x31 .\CortexM0\ARM_GCC_493\Debug\PrimaryBoardCode.a(CyLib.o)
 .ARM.attributes
                0x000001bc       0x31 .\CortexM0\ARM_GCC_493\Debug\PrimaryBoardCode.a(CyLFClk.o)
 .ARM.attributes
                0x000001ed       0x31 .\CortexM0\ARM_GCC_493\Debug\PrimaryBoardCode.a(LED1.o)
 .ARM.attributes
                0x0000021e       0x31 .\CortexM0\ARM_GCC_493\Debug\PrimaryBoardCode.a(LED2.o)
 .ARM.attributes
                0x0000024f       0x31 .\CortexM0\ARM_GCC_493\Debug\PrimaryBoardCode.a(LED3.o)
 .ARM.attributes
                0x00000280       0x31 .\CortexM0\ARM_GCC_493\Debug\PrimaryBoardCode.a(MOSFET1.o)
 .ARM.attributes
                0x000002b1       0x21 .\CortexM0\ARM_GCC_493\Debug\PrimaryBoardCode.a(CyBootAsmGnu.o)
 .ARM.attributes
                0x000002d2       0x1e c:/program files (x86)/cypress/psoc creator/4.0/psoc creator/import/gnu/arm/4.9.3/bin/../lib/gcc/arm-none-eabi/4.9.3/armv6-m\libgcc.a(_udivsi3.o)
 .ARM.attributes
                0x000002f0       0x1e c:/program files (x86)/cypress/psoc creator/4.0/psoc creator/import/gnu/arm/4.9.3/bin/../lib/gcc/arm-none-eabi/4.9.3/armv6-m\libgcc.a(_dvmd_tls.o)
 .ARM.attributes
                0x0000030e       0x2c c:/program files (x86)/cypress/psoc creator/4.0/psoc creator/import/gnu/arm/4.9.3/bin/../lib/gcc/arm-none-eabi/4.9.3/../../../../arm-none-eabi/lib/armv6-m\libg_nano.a(lib_a-errno.o)
 .ARM.attributes
                0x0000033a       0x2c c:/program files (x86)/cypress/psoc creator/4.0/psoc creator/import/gnu/arm/4.9.3/bin/../lib/gcc/arm-none-eabi/4.9.3/../../../../arm-none-eabi/lib/armv6-m\libg_nano.a(lib_a-exit.o)
 .ARM.attributes
                0x00000366       0x2c c:/program files (x86)/cypress/psoc creator/4.0/psoc creator/import/gnu/arm/4.9.3/bin/../lib/gcc/arm-none-eabi/4.9.3/../../../../arm-none-eabi/lib/armv6-m\libg_nano.a(lib_a-impure.o)
 .ARM.attributes
                0x00000392       0x2c c:/program files (x86)/cypress/psoc creator/4.0/psoc creator/import/gnu/arm/4.9.3/bin/../lib/gcc/arm-none-eabi/4.9.3/../../../../arm-none-eabi/lib/armv6-m\libg_nano.a(lib_a-init.o)
 .ARM.attributes
                0x000003be       0x2c c:/program files (x86)/cypress/psoc creator/4.0/psoc creator/import/gnu/arm/4.9.3/bin/../lib/gcc/arm-none-eabi/4.9.3/../../../../arm-none-eabi/lib/armv6-m\libg_nano.a(lib_a-memset.o)
 .ARM.attributes
                0x000003ea       0x2c c:/program files (x86)/cypress/psoc creator/4.0/psoc creator/import/gnu/arm/4.9.3/bin/../lib/gcc/arm-none-eabi/4.9.3/armv6-m/crtend.o
 .ARM.attributes
                0x00000416       0x1e c:/program files (x86)/cypress/psoc creator/4.0/psoc creator/import/gnu/arm/4.9.3/bin/../lib/gcc/arm-none-eabi/4.9.3/armv6-m/crtn.o

/DISCARD/
 *(.note.GNU-stack)
OUTPUT(.\CortexM0\ARM_GCC_493\Debug\PrimaryBoardCode.elf elf32-littlearm)
